[7452:7456:0722/083129.295:INFO:components\enterprise\browser\controller\chrome_browser_cloud_management_controller.cc:202] No machine level policy manager exists.
[7720:7852:0722/083131.536:ERROR:ui\gl\direct_composition_support.cc:879] CheckFormatSupport failed: Unspecified error (0x80004005)
[7720:7852:0722/083131.593:ERROR:ui\gl\direct_composition_support.cc:879] CheckFormatSupport failed: Unspecified error (0x80004005)
[7720:7852:0722/083131.705:ERROR:ui\gl\direct_composition_support.cc:879] CheckFormatSupport failed: Unspecified error (0x80004005)
[7728:7784:0722/083133.784:ERROR:net\socket\ssl_client_socket_impl.cc:896] handshake failed; returned -1, SSL error code 1, net_error -101
[7728:7784:0722/083133.796:ERROR:net\socket\ssl_client_socket_impl.cc:896] handshake failed; returned -1, SSL error code 1, net_error -101
[7728:7784:0722/083133.798:ERROR:net\socket\ssl_client_socket_impl.cc:896] handshake failed; returned -1, SSL error code 1, net_error -101
[7728:7784:0722/083133.829:ERROR:net\socket\ssl_client_socket_impl.cc:896] handshake failed; returned -1, SSL error code 1, net_error -101
[7728:7784:0722/083133.916:ERROR:net\socket\ssl_client_socket_impl.cc:896] handshake failed; returned -1, SSL error code 1, net_error -101
[7728:7784:0722/083133.930:ERROR:net\socket\ssl_client_socket_impl.cc:896] handshake failed; returned -1, SSL error code 1, net_error -101
[7728:7784:0722/083133.931:ERROR:net\socket\ssl_client_socket_impl.cc:896] handshake failed; returned -1, SSL error code 1, net_error -101
[7728:7784:0722/083133.960:ERROR:net\socket\ssl_client_socket_impl.cc:896] handshake failed; returned -1, SSL error code 1, net_error -101
[7728:7784:0722/083135.312:ERROR:net\socket\ssl_client_socket_impl.cc:896] handshake failed; returned -1, SSL error code 1, net_error -101
[7728:7784:0722/083135.462:ERROR:net\socket\ssl_client_socket_impl.cc:896] handshake failed; returned -1, SSL error code 1, net_error -101
[7728:7784:0722/083135.464:ERROR:net\socket\ssl_client_socket_impl.cc:896] handshake failed; returned -1, SSL error code 1, net_error -101
[7728:7784:0722/083135.598:ERROR:net\socket\ssl_client_socket_impl.cc:896] handshake failed; returned -1, SSL error code 1, net_error -101
[7728:7784:0722/083138.030:ERROR:net\socket\ssl_client_socket_impl.cc:896] handshake failed; returned -1, SSL error code 1, net_error -101
[7728:7784:0722/083138.174:ERROR:net\socket\ssl_client_socket_impl.cc:896] handshake failed; returned -1, SSL error code 1, net_error -101
[7728:7784:0722/083139.618:ERROR:net\socket\ssl_client_socket_impl.cc:896] handshake failed; returned -1, SSL error code 1, net_error -101
[7728:7784:0722/083139.757:ERROR:net\socket\ssl_client_socket_impl.cc:896] handshake failed; returned -1, SSL error code 1, net_error -101
[7728:7784:0722/083146.212:ERROR:net\socket\ssl_client_socket_impl.cc:896] handshake failed; returned -1, SSL error code 1, net_error -101
[7728:7784:0722/083146.343:ERROR:net\socket\ssl_client_socket_impl.cc:896] handshake failed; returned -1, SSL error code 1, net_error -101
[7728:7784:0722/083203.574:ERROR:net\socket\ssl_client_socket_impl.cc:896] handshake failed; returned -1, SSL error code 1, net_error -101
[7728:7784:0722/083203.705:ERROR:net\socket\ssl_client_socket_impl.cc:896] handshake failed; returned -1, SSL error code 1, net_error -101
[7728:7784:0722/083208.472:ERROR:net\socket\ssl_client_socket_impl.cc:896] handshake failed; returned -1, SSL error code 1, net_error -101
[7728:7784:0722/083208.620:ERROR:net\socket\ssl_client_socket_impl.cc:896] handshake failed; returned -1, SSL error code 1, net_error -101
[7728:7784:0722/083244.330:ERROR:net\socket\ssl_client_socket_impl.cc:896] handshake failed; returned -1, SSL error code 1, net_error -101
[7728:7784:0722/083244.458:ERROR:net\socket\ssl_client_socket_impl.cc:896] handshake failed; returned -1, SSL error code 1, net_error -101
[7452:7564:0722/083300.280:INFO:rlz\lib\rlz_lib.cc:442] Attempting to send RLZ ping brand=ONGR
[7728:7784:0722/083300.427:ERROR:net\socket\ssl_client_socket_impl.cc:896] handshake failed; returned -1, SSL error code 1, net_error -101
[7728:7784:0722/083300.561:ERROR:net\socket\ssl_client_socket_impl.cc:896] handshake failed; returned -1, SSL error code 1, net_error -101
[7452:7564:0722/083300.562:INFO:rlz\lib\rlz_lib.cc:447] Failed sending RLZ
[7728:7784:0722/083324.180:ERROR:net\socket\ssl_client_socket_impl.cc:896] handshake failed; returned -1, SSL error code 1, net_error -101
[7728:7784:0722/083324.313:ERROR:net\socket\ssl_client_socket_impl.cc:896] handshake failed; returned -1, SSL error code 1, net_error -101
[7728:7784:0722/083415.408:ERROR:net\socket\ssl_client_socket_impl.cc:896] handshake failed; returned -1, SSL error code 1, net_error -101
[7728:7784:0722/083415.540:ERROR:net\socket\ssl_client_socket_impl.cc:896] handshake failed; returned -1, SSL error code 1, net_error -101
[8044:8976:0722/083430.309:ERROR:services\on_device_model\ml\gpu_blocklist.cc:125] WebGPU blocked on this device
[7452:7456:0722/083430.311:ERROR:services\on_device_model\public\cpp\service_client.cc:36] Unexpected on_device_model service disconnect: The device's GPU is not supported.
[7728:7784:0722/083649.137:ERROR:net\socket\ssl_client_socket_impl.cc:896] handshake failed; returned -1, SSL error code 1, net_error -101
[7728:7784:0722/083649.276:ERROR:net\socket\ssl_client_socket_impl.cc:896] handshake failed; returned -1, SSL error code 1, net_error -101
[7728:7784:0722/083712.897:ERROR:net\socket\ssl_client_socket_impl.cc:896] handshake failed; returned -1, SSL error code 1, net_error -101
[7728:7784:0722/083713.037:ERROR:net\socket\ssl_client_socket_impl.cc:896] handshake failed; returned -1, SSL error code 1, net_error -101
[7728:7784:0722/084340.043:ERROR:net\socket\ssl_client_socket_impl.cc:896] handshake failed; returned -1, SSL error code 1, net_error -101
[7728:7784:0722/084340.188:ERROR:net\socket\ssl_client_socket_impl.cc:896] handshake failed; returned -1, SSL error code 1, net_error -101
[7728:7784:0722/084745.603:ERROR:net\socket\ssl_client_socket_impl.cc:896] handshake failed; returned -1, SSL error code 1, net_error -101
[7728:7784:0722/084745.755:ERROR:net\socket\ssl_client_socket_impl.cc:896] handshake failed; returned -1, SSL error code 1, net_error -101
[7728:7784:0722/085340.333:ERROR:net\socket\ssl_client_socket_impl.cc:896] handshake failed; returned -1, SSL error code 1, net_error -101
[7728:7784:0722/085340.471:ERROR:net\socket\ssl_client_socket_impl.cc:896] handshake failed; returned -1, SSL error code 1, net_error -101
[7728:7784:0722/090340.610:ERROR:net\socket\ssl_client_socket_impl.cc:896] handshake failed; returned -1, SSL error code 1, net_error -101
[7728:7784:0722/090340.742:ERROR:net\socket\ssl_client_socket_impl.cc:896] handshake failed; returned -1, SSL error code 1, net_error -101
[7728:7784:0722/091340.878:ERROR:net\socket\ssl_client_socket_impl.cc:896] handshake failed; returned -1, SSL error code 1, net_error -101
[7728:7784:0722/091341.009:ERROR:net\socket\ssl_client_socket_impl.cc:896] handshake failed; returned -1, SSL error code 1, net_error -101
[7728:7784:0722/092341.149:ERROR:net\socket\ssl_client_socket_impl.cc:896] handshake failed; returned -1, SSL error code 1, net_error -101
[7728:7784:0722/092341.284:ERROR:net\socket\ssl_client_socket_impl.cc:896] handshake failed; returned -1, SSL error code 1, net_error -101
[7728:7784:0722/093341.422:ERROR:net\socket\ssl_client_socket_impl.cc:896] handshake failed; returned -1, SSL error code 1, net_error -101
[7728:7784:0722/093341.557:ERROR:net\socket\ssl_client_socket_impl.cc:896] handshake failed; returned -1, SSL error code 1, net_error -101
[7728:7784:0722/094341.695:ERROR:net\socket\ssl_client_socket_impl.cc:896] handshake failed; returned -1, SSL error code 1, net_error -101
[7728:7784:0722/094341.827:ERROR:net\socket\ssl_client_socket_impl.cc:896] handshake failed; returned -1, SSL error code 1, net_error -101
[7728:7784:0722/095341.967:ERROR:net\socket\ssl_client_socket_impl.cc:896] handshake failed; returned -1, SSL error code 1, net_error -101
[7728:7784:0722/095342.103:ERROR:net\socket\ssl_client_socket_impl.cc:896] handshake failed; returned -1, SSL error code 1, net_error -101
[7728:7784:0722/100342.237:ERROR:net\socket\ssl_client_socket_impl.cc:896] handshake failed; returned -1, SSL error code 1, net_error -101
[7728:7784:0722/100342.365:ERROR:net\socket\ssl_client_socket_impl.cc:896] handshake failed; returned -1, SSL error code 1, net_error -101
[7728:7784:0722/101342.553:ERROR:net\socket\ssl_client_socket_impl.cc:896] handshake failed; returned -1, SSL error code 1, net_error -101
[7728:7784:0722/101342.693:ERROR:net\socket\ssl_client_socket_impl.cc:896] handshake failed; returned -1, SSL error code 1, net_error -101
[7728:7784:0722/102342.835:ERROR:net\socket\ssl_client_socket_impl.cc:896] handshake failed; returned -1, SSL error code 1, net_error -101
[7728:7784:0722/102342.972:ERROR:net\socket\ssl_client_socket_impl.cc:896] handshake failed; returned -1, SSL error code 1, net_error -101
[7728:7784:0722/103343.110:ERROR:net\socket\ssl_client_socket_impl.cc:896] handshake failed; returned -1, SSL error code 1, net_error -101
[7728:7784:0722/103343.242:ERROR:net\socket\ssl_client_socket_impl.cc:896] handshake failed; returned -1, SSL error code 1, net_error -101
[7728:7784:0722/104343.382:ERROR:net\socket\ssl_client_socket_impl.cc:896] handshake failed; returned -1, SSL error code 1, net_error -101
[7728:7784:0722/104343.516:ERROR:net\socket\ssl_client_socket_impl.cc:896] handshake failed; returned -1, SSL error code 1, net_error -101
[7728:7784:0722/105343.660:ERROR:net\socket\ssl_client_socket_impl.cc:896] handshake failed; returned -1, SSL error code 1, net_error -101
[7728:7784:0722/105343.796:ERROR:net\socket\ssl_client_socket_impl.cc:896] handshake failed; returned -1, SSL error code 1, net_error -101
[7728:7784:0722/110343.943:ERROR:net\socket\ssl_client_socket_impl.cc:896] handshake failed; returned -1, SSL error code 1, net_error -101
[7728:7784:0722/110344.080:ERROR:net\socket\ssl_client_socket_impl.cc:896] handshake failed; returned -1, SSL error code 1, net_error -101
[7728:7784:0722/111344.225:ERROR:net\socket\ssl_client_socket_impl.cc:896] handshake failed; returned -1, SSL error code 1, net_error -101
[7728:7784:0722/111344.363:ERROR:net\socket\ssl_client_socket_impl.cc:896] handshake failed; returned -1, SSL error code 1, net_error -101
[7728:7784:0722/112344.501:ERROR:net\socket\ssl_client_socket_impl.cc:896] handshake failed; returned -1, SSL error code 1, net_error -101
[7728:7784:0722/112344.631:ERROR:net\socket\ssl_client_socket_impl.cc:896] handshake failed; returned -1, SSL error code 1, net_error -101
[7728:7784:0722/113344.770:ERROR:net\socket\ssl_client_socket_impl.cc:896] handshake failed; returned -1, SSL error code 1, net_error -101
[7728:7784:0722/113344.902:ERROR:net\socket\ssl_client_socket_impl.cc:896] handshake failed; returned -1, SSL error code 1, net_error -101
[7728:7784:0722/114345.040:ERROR:net\socket\ssl_client_socket_impl.cc:896] handshake failed; returned -1, SSL error code 1, net_error -101
[7728:7784:0722/114345.172:ERROR:net\socket\ssl_client_socket_impl.cc:896] handshake failed; returned -1, SSL error code 1, net_error -101
[7728:7784:0722/115345.320:ERROR:net\socket\ssl_client_socket_impl.cc:896] handshake failed; returned -1, SSL error code 1, net_error -101
[7728:7784:0722/115345.457:ERROR:net\socket\ssl_client_socket_impl.cc:896] handshake failed; returned -1, SSL error code 1, net_error -101
[7728:7784:0722/120345.602:ERROR:net\socket\ssl_client_socket_impl.cc:896] handshake failed; returned -1, SSL error code 1, net_error -101
[7728:7784:0722/120345.738:ERROR:net\socket\ssl_client_socket_impl.cc:896] handshake failed; returned -1, SSL error code 1, net_error -101
[7728:7784:0722/121345.879:ERROR:net\socket\ssl_client_socket_impl.cc:896] handshake failed; returned -1, SSL error code 1, net_error -101
[7728:7784:0722/121346.012:ERROR:net\socket\ssl_client_socket_impl.cc:896] handshake failed; returned -1, SSL error code 1, net_error -101
[7728:7784:0722/122346.149:ERROR:net\socket\ssl_client_socket_impl.cc:896] handshake failed; returned -1, SSL error code 1, net_error -101
[7728:7784:0722/122346.276:ERROR:net\socket\ssl_client_socket_impl.cc:896] handshake failed; returned -1, SSL error code 1, net_error -101
[7728:7784:0722/123346.419:ERROR:net\socket\ssl_client_socket_impl.cc:896] handshake failed; returned -1, SSL error code 1, net_error -101
[7728:7784:0722/123346.557:ERROR:net\socket\ssl_client_socket_impl.cc:896] handshake failed; returned -1, SSL error code 1, net_error -101
[7728:7784:0722/124346.699:ERROR:net\socket\ssl_client_socket_impl.cc:896] handshake failed; returned -1, SSL error code 1, net_error -101
[7728:7784:0722/124346.836:ERROR:net\socket\ssl_client_socket_impl.cc:896] handshake failed; returned -1, SSL error code 1, net_error -101
[7728:7784:0722/125346.972:ERROR:net\socket\ssl_client_socket_impl.cc:896] handshake failed; returned -1, SSL error code 1, net_error -101
[7728:7784:0722/125347.101:ERROR:net\socket\ssl_client_socket_impl.cc:896] handshake failed; returned -1, SSL error code 1, net_error -101
[7728:7784:0722/130347.238:ERROR:net\socket\ssl_client_socket_impl.cc:896] handshake failed; returned -1, SSL error code 1, net_error -101
[7728:7784:0722/130347.372:ERROR:net\socket\ssl_client_socket_impl.cc:896] handshake failed; returned -1, SSL error code 1, net_error -101
[7728:7784:0722/131347.515:ERROR:net\socket\ssl_client_socket_impl.cc:896] handshake failed; returned -1, SSL error code 1, net_error -101
[7728:7784:0722/131347.651:ERROR:net\socket\ssl_client_socket_impl.cc:896] handshake failed; returned -1, SSL error code 1, net_error -101
[7728:7784:0722/132347.793:ERROR:net\socket\ssl_client_socket_impl.cc:896] handshake failed; returned -1, SSL error code 1, net_error -101
[7728:7784:0722/132347.929:ERROR:net\socket\ssl_client_socket_impl.cc:896] handshake failed; returned -1, SSL error code 1, net_error -101
[7728:7784:0722/133348.071:ERROR:net\socket\ssl_client_socket_impl.cc:896] handshake failed; returned -1, SSL error code 1, net_error -101
[7728:7784:0722/133348.204:ERROR:net\socket\ssl_client_socket_impl.cc:896] handshake failed; returned -1, SSL error code 1, net_error -101
[7728:7784:0722/134348.401:ERROR:net\socket\ssl_client_socket_impl.cc:896] handshake failed; returned -1, SSL error code 1, net_error -101
[7728:7784:0722/134348.534:ERROR:net\socket\ssl_client_socket_impl.cc:896] handshake failed; returned -1, SSL error code 1, net_error -101
[7728:7784:0722/135348.671:ERROR:net\socket\ssl_client_socket_impl.cc:896] handshake failed; returned -1, SSL error code 1, net_error -101
[7728:7784:0722/135348.801:ERROR:net\socket\ssl_client_socket_impl.cc:896] handshake failed; returned -1, SSL error code 1, net_error -101
[7728:7784:0722/140348.940:ERROR:net\socket\ssl_client_socket_impl.cc:896] handshake failed; returned -1, SSL error code 1, net_error -101
[7728:7784:0722/140349.071:ERROR:net\socket\ssl_client_socket_impl.cc:896] handshake failed; returned -1, SSL error code 1, net_error -101
[7728:7784:0722/141349.203:ERROR:net\socket\ssl_client_socket_impl.cc:896] handshake failed; returned -1, SSL error code 1, net_error -101
[7728:7784:0722/141349.332:ERROR:net\socket\ssl_client_socket_impl.cc:896] handshake failed; returned -1, SSL error code 1, net_error -101
[7728:7784:0722/142349.472:ERROR:net\socket\ssl_client_socket_impl.cc:896] handshake failed; returned -1, SSL error code 1, net_error -101
[7728:7784:0722/142349.607:ERROR:net\socket\ssl_client_socket_impl.cc:896] handshake failed; returned -1, SSL error code 1, net_error -101
[7728:7784:0722/143349.747:ERROR:net\socket\ssl_client_socket_impl.cc:896] handshake failed; returned -1, SSL error code 1, net_error -101
[7728:7784:0722/143349.882:ERROR:net\socket\ssl_client_socket_impl.cc:896] handshake failed; returned -1, SSL error code 1, net_error -101
[7728:7784:0722/144350.021:ERROR:net\socket\ssl_client_socket_impl.cc:896] handshake failed; returned -1, SSL error code 1, net_error -101
[7728:7784:0722/144350.152:ERROR:net\socket\ssl_client_socket_impl.cc:896] handshake failed; returned -1, SSL error code 1, net_error -101
[7728:7784:0722/145350.289:ERROR:net\socket\ssl_client_socket_impl.cc:896] handshake failed; returned -1, SSL error code 1, net_error -101
[7728:7784:0722/145350.421:ERROR:net\socket\ssl_client_socket_impl.cc:896] handshake failed; returned -1, SSL error code 1, net_error -101
[7728:7784:0722/150350.562:ERROR:net\socket\ssl_client_socket_impl.cc:896] handshake failed; returned -1, SSL error code 1, net_error -101
[7728:7784:0722/150350.693:ERROR:net\socket\ssl_client_socket_impl.cc:896] handshake failed; returned -1, SSL error code 1, net_error -101
[7728:7784:0722/151350.832:ERROR:net\socket\ssl_client_socket_impl.cc:896] handshake failed; returned -1, SSL error code 1, net_error -101
[7728:7784:0722/151350.967:ERROR:net\socket\ssl_client_socket_impl.cc:896] handshake failed; returned -1, SSL error code 1, net_error -101
[7728:7784:0722/152351.108:ERROR:net\socket\ssl_client_socket_impl.cc:896] handshake failed; returned -1, SSL error code 1, net_error -101
[7728:7784:0722/152351.237:ERROR:net\socket\ssl_client_socket_impl.cc:896] handshake failed; returned -1, SSL error code 1, net_error -101
[7728:7784:0722/153351.371:ERROR:net\socket\ssl_client_socket_impl.cc:896] handshake failed; returned -1, SSL error code 1, net_error -101
[7728:7784:0722/153351.508:ERROR:net\socket\ssl_client_socket_impl.cc:896] handshake failed; returned -1, SSL error code 1, net_error -101
[7728:7784:0722/154351.646:ERROR:net\socket\ssl_client_socket_impl.cc:896] handshake failed; returned -1, SSL error code 1, net_error -101
[7728:7784:0722/154351.778:ERROR:net\socket\ssl_client_socket_impl.cc:896] handshake failed; returned -1, SSL error code 1, net_error -101
[7728:7784:0722/155351.919:ERROR:net\socket\ssl_client_socket_impl.cc:896] handshake failed; returned -1, SSL error code 1, net_error -101
[7728:7784:0722/155352.055:ERROR:net\socket\ssl_client_socket_impl.cc:896] handshake failed; returned -1, SSL error code 1, net_error -101
[7728:7784:0722/160352.192:ERROR:net\socket\ssl_client_socket_impl.cc:896] handshake failed; returned -1, SSL error code 1, net_error -101
[7728:7784:0722/160352.324:ERROR:net\socket\ssl_client_socket_impl.cc:896] handshake failed; returned -1, SSL error code 1, net_error -101
[7728:7784:0722/161352.475:ERROR:net\socket\ssl_client_socket_impl.cc:896] handshake failed; returned -1, SSL error code 1, net_error -101
[7728:7784:0722/161352.616:ERROR:net\socket\ssl_client_socket_impl.cc:896] handshake failed; returned -1, SSL error code 1, net_error -101
[7728:7784:0722/162352.754:ERROR:net\socket\ssl_client_socket_impl.cc:896] handshake failed; returned -1, SSL error code 1, net_error -101
[7728:7784:0722/162352.887:ERROR:net\socket\ssl_client_socket_impl.cc:896] handshake failed; returned -1, SSL error code 1, net_error -101
[7728:7784:0722/163353.030:ERROR:net\socket\ssl_client_socket_impl.cc:896] handshake failed; returned -1, SSL error code 1, net_error -101
[7728:7784:0722/163353.169:ERROR:net\socket\ssl_client_socket_impl.cc:896] handshake failed; returned -1, SSL error code 1, net_error -101
[7728:7784:0722/164353.312:ERROR:net\socket\ssl_client_socket_impl.cc:896] handshake failed; returned -1, SSL error code 1, net_error -101
[7728:7784:0722/164353.451:ERROR:net\socket\ssl_client_socket_impl.cc:896] handshake failed; returned -1, SSL error code 1, net_error -101
[7728:7784:0722/165353.606:ERROR:net\socket\ssl_client_socket_impl.cc:896] handshake failed; returned -1, SSL error code 1, net_error -101
[7728:7784:0722/165353.738:ERROR:net\socket\ssl_client_socket_impl.cc:896] handshake failed; returned -1, SSL error code 1, net_error -101
[7728:7784:0722/170353.881:ERROR:net\socket\ssl_client_socket_impl.cc:896] handshake failed; returned -1, SSL error code 1, net_error -101
[7728:7784:0722/170354.016:ERROR:net\socket\ssl_client_socket_impl.cc:896] handshake failed; returned -1, SSL error code 1, net_error -101
[7728:7784:0722/171354.162:ERROR:net\socket\ssl_client_socket_impl.cc:896] handshake failed; returned -1, SSL error code 1, net_error -101
[7728:7784:0722/171354.298:ERROR:net\socket\ssl_client_socket_impl.cc:896] handshake failed; returned -1, SSL error code 1, net_error -101
[7728:7784:0722/172354.436:ERROR:net\socket\ssl_client_socket_impl.cc:896] handshake failed; returned -1, SSL error code 1, net_error -101
[7728:7784:0722/172354.571:ERROR:net\socket\ssl_client_socket_impl.cc:896] handshake failed; returned -1, SSL error code 1, net_error -101
[7728:7784:0722/173354.727:ERROR:net\socket\ssl_client_socket_impl.cc:896] handshake failed; returned -1, SSL error code 1, net_error -101
[7728:7784:0722/173354.862:ERROR:net\socket\ssl_client_socket_impl.cc:896] handshake failed; returned -1, SSL error code 1, net_error -101
[7728:7784:0722/174355.008:ERROR:net\socket\ssl_client_socket_impl.cc:896] handshake failed; returned -1, SSL error code 1, net_error -101
[7728:7784:0722/174355.148:ERROR:net\socket\ssl_client_socket_impl.cc:896] handshake failed; returned -1, SSL error code 1, net_error -101
[7728:7784:0722/175355.295:ERROR:net\socket\ssl_client_socket_impl.cc:896] handshake failed; returned -1, SSL error code 1, net_error -101
[7728:7784:0722/175355.431:ERROR:net\socket\ssl_client_socket_impl.cc:896] handshake failed; returned -1, SSL error code 1, net_error -101
[7728:7784:0722/180355.570:ERROR:net\socket\ssl_client_socket_impl.cc:896] handshake failed; returned -1, SSL error code 1, net_error -101
[7728:7784:0722/180355.703:ERROR:net\socket\ssl_client_socket_impl.cc:896] handshake failed; returned -1, SSL error code 1, net_error -101
[7728:7784:0722/181355.844:ERROR:net\socket\ssl_client_socket_impl.cc:896] handshake failed; returned -1, SSL error code 1, net_error -101
[7728:7784:0722/181355.981:ERROR:net\socket\ssl_client_socket_impl.cc:896] handshake failed; returned -1, SSL error code 1, net_error -101
[7728:7784:0722/182356.116:ERROR:net\socket\ssl_client_socket_impl.cc:896] handshake failed; returned -1, SSL error code 1, net_error -101
[7728:7784:0722/182356.243:ERROR:net\socket\ssl_client_socket_impl.cc:896] handshake failed; returned -1, SSL error code 1, net_error -101
[7728:7784:0722/183356.383:ERROR:net\socket\ssl_client_socket_impl.cc:896] handshake failed; returned -1, SSL error code 1, net_error -101
[7728:7784:0722/183356.516:ERROR:net\socket\ssl_client_socket_impl.cc:896] handshake failed; returned -1, SSL error code 1, net_error -101
[7728:7784:0722/184356.660:ERROR:net\socket\ssl_client_socket_impl.cc:896] handshake failed; returned -1, SSL error code 1, net_error -101
[7728:7784:0722/184356.799:ERROR:net\socket\ssl_client_socket_impl.cc:896] handshake failed; returned -1, SSL error code 1, net_error -101
[7728:7784:0722/185356.940:ERROR:net\socket\ssl_client_socket_impl.cc:896] handshake failed; returned -1, SSL error code 1, net_error -101
[7728:7784:0722/185357.078:ERROR:net\socket\ssl_client_socket_impl.cc:896] handshake failed; returned -1, SSL error code 1, net_error -101
[7728:7784:0722/190357.221:ERROR:net\socket\ssl_client_socket_impl.cc:896] handshake failed; returned -1, SSL error code 1, net_error -101
[7728:7784:0722/190357.361:ERROR:net\socket\ssl_client_socket_impl.cc:896] handshake failed; returned -1, SSL error code 1, net_error -101
[7728:7784:0722/191357.505:ERROR:net\socket\ssl_client_socket_impl.cc:896] handshake failed; returned -1, SSL error code 1, net_error -101
[7728:7784:0722/191357.646:ERROR:net\socket\ssl_client_socket_impl.cc:896] handshake failed; returned -1, SSL error code 1, net_error -101
[7728:7784:0722/192357.784:ERROR:net\socket\ssl_client_socket_impl.cc:896] handshake failed; returned -1, SSL error code 1, net_error -101
[7728:7784:0722/192357.918:ERROR:net\socket\ssl_client_socket_impl.cc:896] handshake failed; returned -1, SSL error code 1, net_error -101
[7728:7784:0722/193358.058:ERROR:net\socket\ssl_client_socket_impl.cc:896] handshake failed; returned -1, SSL error code 1, net_error -101
[7728:7784:0722/193358.193:ERROR:net\socket\ssl_client_socket_impl.cc:896] handshake failed; returned -1, SSL error code 1, net_error -101
[7728:7784:0722/194358.331:ERROR:net\socket\ssl_client_socket_impl.cc:896] handshake failed; returned -1, SSL error code 1, net_error -101
[7728:7784:0722/194358.466:ERROR:net\socket\ssl_client_socket_impl.cc:896] handshake failed; returned -1, SSL error code 1, net_error -101
[7728:7784:0722/195358.606:ERROR:net\socket\ssl_client_socket_impl.cc:896] handshake failed; returned -1, SSL error code 1, net_error -101
[7728:7784:0722/195358.738:ERROR:net\socket\ssl_client_socket_impl.cc:896] handshake failed; returned -1, SSL error code 1, net_error -101
[7728:7784:0722/200358.882:ERROR:net\socket\ssl_client_socket_impl.cc:896] handshake failed; returned -1, SSL error code 1, net_error -101
[7728:7784:0722/200359.021:ERROR:net\socket\ssl_client_socket_impl.cc:896] handshake failed; returned -1, SSL error code 1, net_error -101
[7728:7784:0722/201359.163:ERROR:net\socket\ssl_client_socket_impl.cc:896] handshake failed; returned -1, SSL error code 1, net_error -101
[7728:7784:0722/201359.299:ERROR:net\socket\ssl_client_socket_impl.cc:896] handshake failed; returned -1, SSL error code 1, net_error -101
[7728:7784:0722/202359.440:ERROR:net\socket\ssl_client_socket_impl.cc:896] handshake failed; returned -1, SSL error code 1, net_error -101
[7728:7784:0722/202359.575:ERROR:net\socket\ssl_client_socket_impl.cc:896] handshake failed; returned -1, SSL error code 1, net_error -101
[7728:7784:0722/203359.718:ERROR:net\socket\ssl_client_socket_impl.cc:896] handshake failed; returned -1, SSL error code 1, net_error -101
[7728:7784:0722/203359.853:ERROR:net\socket\ssl_client_socket_impl.cc:896] handshake failed; returned -1, SSL error code 1, net_error -101
[7728:7784:0722/204359.989:ERROR:net\socket\ssl_client_socket_impl.cc:896] handshake failed; returned -1, SSL error code 1, net_error -101
[7728:7784:0722/204400.121:ERROR:net\socket\ssl_client_socket_impl.cc:896] handshake failed; returned -1, SSL error code 1, net_error -101
[7728:7784:0722/205400.263:ERROR:net\socket\ssl_client_socket_impl.cc:896] handshake failed; returned -1, SSL error code 1, net_error -101
[7728:7784:0722/205400.401:ERROR:net\socket\ssl_client_socket_impl.cc:896] handshake failed; returned -1, SSL error code 1, net_error -101
[7728:7784:0722/210400.547:ERROR:net\socket\ssl_client_socket_impl.cc:896] handshake failed; returned -1, SSL error code 1, net_error -101
[7728:7784:0722/210400.686:ERROR:net\socket\ssl_client_socket_impl.cc:896] handshake failed; returned -1, SSL error code 1, net_error -101
[7728:7784:0722/211400.830:ERROR:net\socket\ssl_client_socket_impl.cc:896] handshake failed; returned -1, SSL error code 1, net_error -101
[7728:7784:0722/211400.968:ERROR:net\socket\ssl_client_socket_impl.cc:896] handshake failed; returned -1, SSL error code 1, net_error -101
[7728:7784:0722/212401.109:ERROR:net\socket\ssl_client_socket_impl.cc:896] handshake failed; returned -1, SSL error code 1, net_error -101
[7728:7784:0722/212401.242:ERROR:net\socket\ssl_client_socket_impl.cc:896] handshake failed; returned -1, SSL error code 1, net_error -101
[7728:7784:0722/213401.387:ERROR:net\socket\ssl_client_socket_impl.cc:896] handshake failed; returned -1, SSL error code 1, net_error -101
[7728:7784:0722/213401.525:ERROR:net\socket\ssl_client_socket_impl.cc:896] handshake failed; returned -1, SSL error code 1, net_error -101
[7728:7784:0722/214401.669:ERROR:net\socket\ssl_client_socket_impl.cc:896] handshake failed; returned -1, SSL error code 1, net_error -101
[7728:7784:0722/214401.805:ERROR:net\socket\ssl_client_socket_impl.cc:896] handshake failed; returned -1, SSL error code 1, net_error -101
[7728:7784:0722/215401.945:ERROR:net\socket\ssl_client_socket_impl.cc:896] handshake failed; returned -1, SSL error code 1, net_error -101
[7728:7784:0722/215402.081:ERROR:net\socket\ssl_client_socket_impl.cc:896] handshake failed; returned -1, SSL error code 1, net_error -101
[7728:7784:0722/220402.222:ERROR:net\socket\ssl_client_socket_impl.cc:896] handshake failed; returned -1, SSL error code 1, net_error -101
[7728:7784:0722/220402.357:ERROR:net\socket\ssl_client_socket_impl.cc:896] handshake failed; returned -1, SSL error code 1, net_error -101
[7728:7784:0722/221402.495:ERROR:net\socket\ssl_client_socket_impl.cc:896] handshake failed; returned -1, SSL error code 1, net_error -101
[7728:7784:0722/221402.627:ERROR:net\socket\ssl_client_socket_impl.cc:896] handshake failed; returned -1, SSL error code 1, net_error -101
[7728:7784:0722/222402.764:ERROR:net\socket\ssl_client_socket_impl.cc:896] handshake failed; returned -1, SSL error code 1, net_error -101
[7728:7784:0722/222402.900:ERROR:net\socket\ssl_client_socket_impl.cc:896] handshake failed; returned -1, SSL error code 1, net_error -101
[7728:7784:0722/223403.037:ERROR:net\socket\ssl_client_socket_impl.cc:896] handshake failed; returned -1, SSL error code 1, net_error -101
[7728:7784:0722/223403.167:ERROR:net\socket\ssl_client_socket_impl.cc:896] handshake failed; returned -1, SSL error code 1, net_error -101
[7728:7784:0722/224403.306:ERROR:net\socket\ssl_client_socket_impl.cc:896] handshake failed; returned -1, SSL error code 1, net_error -101
[7728:7784:0722/224403.438:ERROR:net\socket\ssl_client_socket_impl.cc:896] handshake failed; returned -1, SSL error code 1, net_error -101
[7728:7784:0722/225403.579:ERROR:net\socket\ssl_client_socket_impl.cc:896] handshake failed; returned -1, SSL error code 1, net_error -101
[7728:7784:0722/225403.715:ERROR:net\socket\ssl_client_socket_impl.cc:896] handshake failed; returned -1, SSL error code 1, net_error -101
[7728:7784:0722/230403.856:ERROR:net\socket\ssl_client_socket_impl.cc:896] handshake failed; returned -1, SSL error code 1, net_error -101
[7728:7784:0722/230403.991:ERROR:net\socket\ssl_client_socket_impl.cc:896] handshake failed; returned -1, SSL error code 1, net_error -101
[7728:7784:0722/231404.135:ERROR:net\socket\ssl_client_socket_impl.cc:896] handshake failed; returned -1, SSL error code 1, net_error -101
[7728:7784:0722/231404.270:ERROR:net\socket\ssl_client_socket_impl.cc:896] handshake failed; returned -1, SSL error code 1, net_error -101
[7728:7784:0722/232404.413:ERROR:net\socket\ssl_client_socket_impl.cc:896] handshake failed; returned -1, SSL error code 1, net_error -101
[7728:7784:0722/232404.551:ERROR:net\socket\ssl_client_socket_impl.cc:896] handshake failed; returned -1, SSL error code 1, net_error -101
[7728:7784:0722/233404.696:ERROR:net\socket\ssl_client_socket_impl.cc:896] handshake failed; returned -1, SSL error code 1, net_error -101
[7728:7784:0722/233404.835:ERROR:net\socket\ssl_client_socket_impl.cc:896] handshake failed; returned -1, SSL error code 1, net_error -101
[7728:7784:0722/234404.980:ERROR:net\socket\ssl_client_socket_impl.cc:896] handshake failed; returned -1, SSL error code 1, net_error -101
[7728:7784:0722/234405.115:ERROR:net\socket\ssl_client_socket_impl.cc:896] handshake failed; returned -1, SSL error code 1, net_error -101
[7728:7784:0722/235405.259:ERROR:net\socket\ssl_client_socket_impl.cc:896] handshake failed; returned -1, SSL error code 1, net_error -101
[7728:7784:0722/235405.398:ERROR:net\socket\ssl_client_socket_impl.cc:896] handshake failed; returned -1, SSL error code 1, net_error -101
[7728:7784:0723/000405.543:ERROR:net\socket\ssl_client_socket_impl.cc:896] handshake failed; returned -1, SSL error code 1, net_error -101
[7728:7784:0723/000405.684:ERROR:net\socket\ssl_client_socket_impl.cc:896] handshake failed; returned -1, SSL error code 1, net_error -101
[7728:7784:0723/001405.828:ERROR:net\socket\ssl_client_socket_impl.cc:896] handshake failed; returned -1, SSL error code 1, net_error -101
[7728:7784:0723/001405.961:ERROR:net\socket\ssl_client_socket_impl.cc:896] handshake failed; returned -1, SSL error code 1, net_error -101
[7728:7784:0723/002406.104:ERROR:net\socket\ssl_client_socket_impl.cc:896] handshake failed; returned -1, SSL error code 1, net_error -101
[7728:7784:0723/002406.243:ERROR:net\socket\ssl_client_socket_impl.cc:896] handshake failed; returned -1, SSL error code 1, net_error -101
[7728:7784:0723/003406.387:ERROR:net\socket\ssl_client_socket_impl.cc:896] handshake failed; returned -1, SSL error code 1, net_error -101
[7728:7784:0723/003406.528:ERROR:net\socket\ssl_client_socket_impl.cc:896] handshake failed; returned -1, SSL error code 1, net_error -101
[7728:7784:0723/004406.667:ERROR:net\socket\ssl_client_socket_impl.cc:896] handshake failed; returned -1, SSL error code 1, net_error -101
[7728:7784:0723/004406.803:ERROR:net\socket\ssl_client_socket_impl.cc:896] handshake failed; returned -1, SSL error code 1, net_error -101
[7728:7784:0723/005406.949:ERROR:net\socket\ssl_client_socket_impl.cc:896] handshake failed; returned -1, SSL error code 1, net_error -101
[7728:7784:0723/005407.085:ERROR:net\socket\ssl_client_socket_impl.cc:896] handshake failed; returned -1, SSL error code 1, net_error -101
[7728:7784:0723/010407.227:ERROR:net\socket\ssl_client_socket_impl.cc:896] handshake failed; returned -1, SSL error code 1, net_error -101
[7728:7784:0723/010407.362:ERROR:net\socket\ssl_client_socket_impl.cc:896] handshake failed; returned -1, SSL error code 1, net_error -101
[7728:7784:0723/011407.502:ERROR:net\socket\ssl_client_socket_impl.cc:896] handshake failed; returned -1, SSL error code 1, net_error -101
[7728:7784:0723/011407.637:ERROR:net\socket\ssl_client_socket_impl.cc:896] handshake failed; returned -1, SSL error code 1, net_error -101
[7728:7784:0723/012407.784:ERROR:net\socket\ssl_client_socket_impl.cc:896] handshake failed; returned -1, SSL error code 1, net_error -101
[7728:7784:0723/012407.924:ERROR:net\socket\ssl_client_socket_impl.cc:896] handshake failed; returned -1, SSL error code 1, net_error -101
[7728:7784:0723/013408.065:ERROR:net\socket\ssl_client_socket_impl.cc:896] handshake failed; returned -1, SSL error code 1, net_error -101
[7728:7784:0723/013408.201:ERROR:net\socket\ssl_client_socket_impl.cc:896] handshake failed; returned -1, SSL error code 1, net_error -101
[7728:7784:0723/014408.344:ERROR:net\socket\ssl_client_socket_impl.cc:896] handshake failed; returned -1, SSL error code 1, net_error -101
[7728:7784:0723/014408.481:ERROR:net\socket\ssl_client_socket_impl.cc:896] handshake failed; returned -1, SSL error code 1, net_error -101
[7728:7784:0723/015408.618:ERROR:net\socket\ssl_client_socket_impl.cc:896] handshake failed; returned -1, SSL error code 1, net_error -101
[7728:7784:0723/015408.753:ERROR:net\socket\ssl_client_socket_impl.cc:896] handshake failed; returned -1, SSL error code 1, net_error -101
[7728:7784:0723/020408.898:ERROR:net\socket\ssl_client_socket_impl.cc:896] handshake failed; returned -1, SSL error code 1, net_error -101
[7728:7784:0723/020409.033:ERROR:net\socket\ssl_client_socket_impl.cc:896] handshake failed; returned -1, SSL error code 1, net_error -101
[7728:7784:0723/021409.172:ERROR:net\socket\ssl_client_socket_impl.cc:896] handshake failed; returned -1, SSL error code 1, net_error -101
[7728:7784:0723/021409.306:ERROR:net\socket\ssl_client_socket_impl.cc:896] handshake failed; returned -1, SSL error code 1, net_error -101
[7728:7784:0723/022409.446:ERROR:net\socket\ssl_client_socket_impl.cc:896] handshake failed; returned -1, SSL error code 1, net_error -101
[7728:7784:0723/022409.583:ERROR:net\socket\ssl_client_socket_impl.cc:896] handshake failed; returned -1, SSL error code 1, net_error -101
[7728:7784:0723/023409.730:ERROR:net\socket\ssl_client_socket_impl.cc:896] handshake failed; returned -1, SSL error code 1, net_error -101
[7728:7784:0723/023409.870:ERROR:net\socket\ssl_client_socket_impl.cc:896] handshake failed; returned -1, SSL error code 1, net_error -101
[7728:7784:0723/024410.015:ERROR:net\socket\ssl_client_socket_impl.cc:896] handshake failed; returned -1, SSL error code 1, net_error -101
[7728:7784:0723/024410.153:ERROR:net\socket\ssl_client_socket_impl.cc:896] handshake failed; returned -1, SSL error code 1, net_error -101
[7728:7784:0723/025410.299:ERROR:net\socket\ssl_client_socket_impl.cc:896] handshake failed; returned -1, SSL error code 1, net_error -101
[7728:7784:0723/025410.435:ERROR:net\socket\ssl_client_socket_impl.cc:896] handshake failed; returned -1, SSL error code 1, net_error -101
[7728:7784:0723/030410.580:ERROR:net\socket\ssl_client_socket_impl.cc:896] handshake failed; returned -1, SSL error code 1, net_error -101
[7728:7784:0723/030410.716:ERROR:net\socket\ssl_client_socket_impl.cc:896] handshake failed; returned -1, SSL error code 1, net_error -101
[7728:7784:0723/031410.858:ERROR:net\socket\ssl_client_socket_impl.cc:896] handshake failed; returned -1, SSL error code 1, net_error -101
[7728:7784:0723/031410.997:ERROR:net\socket\ssl_client_socket_impl.cc:896] handshake failed; returned -1, SSL error code 1, net_error -101
[7728:7784:0723/032411.143:ERROR:net\socket\ssl_client_socket_impl.cc:896] handshake failed; returned -1, SSL error code 1, net_error -101
[7728:7784:0723/032411.278:ERROR:net\socket\ssl_client_socket_impl.cc:896] handshake failed; returned -1, SSL error code 1, net_error -101
[7728:7784:0723/033411.416:ERROR:net\socket\ssl_client_socket_impl.cc:896] handshake failed; returned -1, SSL error code 1, net_error -101
[7728:7784:0723/033411.548:ERROR:net\socket\ssl_client_socket_impl.cc:896] handshake failed; returned -1, SSL error code 1, net_error -101
[7728:7784:0723/034411.693:ERROR:net\socket\ssl_client_socket_impl.cc:896] handshake failed; returned -1, SSL error code 1, net_error -101
[7728:7784:0723/034411.830:ERROR:net\socket\ssl_client_socket_impl.cc:896] handshake failed; returned -1, SSL error code 1, net_error -101
[7728:7784:0723/035411.968:ERROR:net\socket\ssl_client_socket_impl.cc:896] handshake failed; returned -1, SSL error code 1, net_error -101
[7728:7784:0723/035412.103:ERROR:net\socket\ssl_client_socket_impl.cc:896] handshake failed; returned -1, SSL error code 1, net_error -101
[7728:7784:0723/040412.248:ERROR:net\socket\ssl_client_socket_impl.cc:896] handshake failed; returned -1, SSL error code 1, net_error -101
[7728:7784:0723/040412.385:ERROR:net\socket\ssl_client_socket_impl.cc:896] handshake failed; returned -1, SSL error code 1, net_error -101
[7728:7784:0723/041412.523:ERROR:net\socket\ssl_client_socket_impl.cc:896] handshake failed; returned -1, SSL error code 1, net_error -101
[7728:7784:0723/041412.659:ERROR:net\socket\ssl_client_socket_impl.cc:896] handshake failed; returned -1, SSL error code 1, net_error -101
[7728:7784:0723/042412.805:ERROR:net\socket\ssl_client_socket_impl.cc:896] handshake failed; returned -1, SSL error code 1, net_error -101
[7728:7784:0723/042412.945:ERROR:net\socket\ssl_client_socket_impl.cc:896] handshake failed; returned -1, SSL error code 1, net_error -101
[7728:7784:0723/043413.090:ERROR:net\socket\ssl_client_socket_impl.cc:896] handshake failed; returned -1, SSL error code 1, net_error -101
[7728:7784:0723/043413.226:ERROR:net\socket\ssl_client_socket_impl.cc:896] handshake failed; returned -1, SSL error code 1, net_error -101
[7728:7784:0723/044413.364:ERROR:net\socket\ssl_client_socket_impl.cc:896] handshake failed; returned -1, SSL error code 1, net_error -101
[7728:7784:0723/044413.496:ERROR:net\socket\ssl_client_socket_impl.cc:896] handshake failed; returned -1, SSL error code 1, net_error -101
[7728:7784:0723/045413.639:ERROR:net\socket\ssl_client_socket_impl.cc:896] handshake failed; returned -1, SSL error code 1, net_error -101
[7728:7784:0723/045413.775:ERROR:net\socket\ssl_client_socket_impl.cc:896] handshake failed; returned -1, SSL error code 1, net_error -101
[7728:7784:0723/050413.918:ERROR:net\socket\ssl_client_socket_impl.cc:896] handshake failed; returned -1, SSL error code 1, net_error -101
[7728:7784:0723/050414.051:ERROR:net\socket\ssl_client_socket_impl.cc:896] handshake failed; returned -1, SSL error code 1, net_error -101
[7728:7784:0723/051414.192:ERROR:net\socket\ssl_client_socket_impl.cc:896] handshake failed; returned -1, SSL error code 1, net_error -101
[7728:7784:0723/051414.328:ERROR:net\socket\ssl_client_socket_impl.cc:896] handshake failed; returned -1, SSL error code 1, net_error -101
[7728:7784:0723/052414.469:ERROR:net\socket\ssl_client_socket_impl.cc:896] handshake failed; returned -1, SSL error code 1, net_error -101
[7728:7784:0723/052414.604:ERROR:net\socket\ssl_client_socket_impl.cc:896] handshake failed; returned -1, SSL error code 1, net_error -101
[7728:7784:0723/053414.748:ERROR:net\socket\ssl_client_socket_impl.cc:896] handshake failed; returned -1, SSL error code 1, net_error -101
[7728:7784:0723/053414.885:ERROR:net\socket\ssl_client_socket_impl.cc:896] handshake failed; returned -1, SSL error code 1, net_error -101
[7728:7784:0723/054415.027:ERROR:net\socket\ssl_client_socket_impl.cc:896] handshake failed; returned -1, SSL error code 1, net_error -101
[7728:7784:0723/054415.163:ERROR:net\socket\ssl_client_socket_impl.cc:896] handshake failed; returned -1, SSL error code 1, net_error -101
[7728:7784:0723/055415.302:ERROR:net\socket\ssl_client_socket_impl.cc:896] handshake failed; returned -1, SSL error code 1, net_error -101
[7728:7784:0723/055415.434:ERROR:net\socket\ssl_client_socket_impl.cc:896] handshake failed; returned -1, SSL error code 1, net_error -101
[7728:7784:0723/060415.580:ERROR:net\socket\ssl_client_socket_impl.cc:896] handshake failed; returned -1, SSL error code 1, net_error -101
[7728:7784:0723/060415.715:ERROR:net\socket\ssl_client_socket_impl.cc:896] handshake failed; returned -1, SSL error code 1, net_error -101
[7728:7784:0723/061415.922:ERROR:net\socket\ssl_client_socket_impl.cc:896] handshake failed; returned -1, SSL error code 1, net_error -101
[7728:7784:0723/061416.063:ERROR:net\socket\ssl_client_socket_impl.cc:896] handshake failed; returned -1, SSL error code 1, net_error -101
[7728:7784:0723/062416.205:ERROR:net\socket\ssl_client_socket_impl.cc:896] handshake failed; returned -1, SSL error code 1, net_error -101
[7728:7784:0723/062416.343:ERROR:net\socket\ssl_client_socket_impl.cc:896] handshake failed; returned -1, SSL error code 1, net_error -101
[7728:7784:0723/063416.482:ERROR:net\socket\ssl_client_socket_impl.cc:896] handshake failed; returned -1, SSL error code 1, net_error -101
[7728:7784:0723/063416.617:ERROR:net\socket\ssl_client_socket_impl.cc:896] handshake failed; returned -1, SSL error code 1, net_error -101
[7728:7784:0723/064416.766:ERROR:net\socket\ssl_client_socket_impl.cc:896] handshake failed; returned -1, SSL error code 1, net_error -101
[7728:7784:0723/064416.900:ERROR:net\socket\ssl_client_socket_impl.cc:896] handshake failed; returned -1, SSL error code 1, net_error -101
[7728:7784:0723/065417.042:ERROR:net\socket\ssl_client_socket_impl.cc:896] handshake failed; returned -1, SSL error code 1, net_error -101
[7728:7784:0723/065417.179:ERROR:net\socket\ssl_client_socket_impl.cc:896] handshake failed; returned -1, SSL error code 1, net_error -101
[7728:7784:0723/070417.320:ERROR:net\socket\ssl_client_socket_impl.cc:896] handshake failed; returned -1, SSL error code 1, net_error -101
[7728:7784:0723/070417.458:ERROR:net\socket\ssl_client_socket_impl.cc:896] handshake failed; returned -1, SSL error code 1, net_error -101
[7728:7784:0723/071417.595:ERROR:net\socket\ssl_client_socket_impl.cc:896] handshake failed; returned -1, SSL error code 1, net_error -101
[7728:7784:0723/071417.728:ERROR:net\socket\ssl_client_socket_impl.cc:896] handshake failed; returned -1, SSL error code 1, net_error -101
[7728:7784:0723/072417.873:ERROR:net\socket\ssl_client_socket_impl.cc:896] handshake failed; returned -1, SSL error code 1, net_error -101
[7728:7784:0723/072418.009:ERROR:net\socket\ssl_client_socket_impl.cc:896] handshake failed; returned -1, SSL error code 1, net_error -101
[7728:7784:0723/073418.153:ERROR:net\socket\ssl_client_socket_impl.cc:896] handshake failed; returned -1, SSL error code 1, net_error -101
[7728:7784:0723/073418.297:ERROR:net\socket\ssl_client_socket_impl.cc:896] handshake failed; returned -1, SSL error code 1, net_error -101
[7728:7784:0723/074418.430:ERROR:net\socket\ssl_client_socket_impl.cc:896] handshake failed; returned -1, SSL error code 1, net_error -101
[7728:7784:0723/074418.556:ERROR:net\socket\ssl_client_socket_impl.cc:896] handshake failed; returned -1, SSL error code 1, net_error -101
[7728:7784:0723/075418.696:ERROR:net\socket\ssl_client_socket_impl.cc:896] handshake failed; returned -1, SSL error code 1, net_error -101
[7728:7784:0723/075418.829:ERROR:net\socket\ssl_client_socket_impl.cc:896] handshake failed; returned -1, SSL error code 1, net_error -101
[7728:7784:0723/080418.966:ERROR:net\socket\ssl_client_socket_impl.cc:896] handshake failed; returned -1, SSL error code 1, net_error -101
[7728:7784:0723/080419.110:ERROR:net\socket\ssl_client_socket_impl.cc:896] handshake failed; returned -1, SSL error code 1, net_error -101
[7728:7784:0723/081419.274:ERROR:net\socket\ssl_client_socket_impl.cc:896] handshake failed; returned -1, SSL error code 1, net_error -101
[7728:7784:0723/081419.406:ERROR:net\socket\ssl_client_socket_impl.cc:896] handshake failed; returned -1, SSL error code 1, net_error -101
[7728:7784:0723/082419.537:ERROR:net\socket\ssl_client_socket_impl.cc:896] handshake failed; returned -1, SSL error code 1, net_error -101
[7728:7784:0723/082419.665:ERROR:net\socket\ssl_client_socket_impl.cc:896] handshake failed; returned -1, SSL error code 1, net_error -101
[7728:7784:0723/083129.960:ERROR:net\socket\ssl_client_socket_impl.cc:896] handshake failed; returned -1, SSL error code 1, net_error -101
[7728:7784:0723/083130.091:ERROR:net\socket\ssl_client_socket_impl.cc:896] handshake failed; returned -1, SSL error code 1, net_error -101
[7728:7784:0723/083419.803:ERROR:net\socket\ssl_client_socket_impl.cc:896] handshake failed; returned -1, SSL error code 1, net_error -101
[7728:7784:0723/083419.956:ERROR:net\socket\ssl_client_socket_impl.cc:896] handshake failed; returned -1, SSL error code 1, net_error -101
[7728:7784:0723/084420.096:ERROR:net\socket\ssl_client_socket_impl.cc:896] handshake failed; returned -1, SSL error code 1, net_error -101
[7728:7784:0723/084420.240:ERROR:net\socket\ssl_client_socket_impl.cc:896] handshake failed; returned -1, SSL error code 1, net_error -101
[7728:7784:0723/084630.237:ERROR:net\socket\ssl_client_socket_impl.cc:896] handshake failed; returned -1, SSL error code 1, net_error -101
[7728:7784:0723/084630.389:ERROR:net\socket\ssl_client_socket_impl.cc:896] handshake failed; returned -1, SSL error code 1, net_error -101
[7728:7784:0723/085420.371:ERROR:net\socket\ssl_client_socket_impl.cc:896] handshake failed; returned -1, SSL error code 1, net_error -101
[7728:7784:0723/085420.507:ERROR:net\socket\ssl_client_socket_impl.cc:896] handshake failed; returned -1, SSL error code 1, net_error -101
[7728:7784:0723/090130.537:ERROR:net\socket\ssl_client_socket_impl.cc:896] handshake failed; returned -1, SSL error code 1, net_error -101
[7728:7784:0723/090130.676:ERROR:net\socket\ssl_client_socket_impl.cc:896] handshake failed; returned -1, SSL error code 1, net_error -101
[7728:7784:0723/090420.655:ERROR:net\socket\ssl_client_socket_impl.cc:896] handshake failed; returned -1, SSL error code 1, net_error -101
[7728:7784:0723/090420.810:ERROR:net\socket\ssl_client_socket_impl.cc:896] handshake failed; returned -1, SSL error code 1, net_error -101
[7728:7784:0723/091420.957:ERROR:net\socket\ssl_client_socket_impl.cc:896] handshake failed; returned -1, SSL error code 1, net_error -101
[7728:7784:0723/091421.091:ERROR:net\socket\ssl_client_socket_impl.cc:896] handshake failed; returned -1, SSL error code 1, net_error -101
[7728:7784:0723/091630.820:ERROR:net\socket\ssl_client_socket_impl.cc:896] handshake failed; returned -1, SSL error code 1, net_error -101
[7728:7784:0723/091630.954:ERROR:net\socket\ssl_client_socket_impl.cc:896] handshake failed; returned -1, SSL error code 1, net_error -101
[7728:7784:0723/092421.234:ERROR:net\socket\ssl_client_socket_impl.cc:896] handshake failed; returned -1, SSL error code 1, net_error -101
[7728:7784:0723/092421.369:ERROR:net\socket\ssl_client_socket_impl.cc:896] handshake failed; returned -1, SSL error code 1, net_error -101
[7728:7784:0723/093131.159:ERROR:net\socket\ssl_client_socket_impl.cc:896] handshake failed; returned -1, SSL error code 1, net_error -101
[7728:7784:0723/093131.290:ERROR:net\socket\ssl_client_socket_impl.cc:896] handshake failed; returned -1, SSL error code 1, net_error -101
[7728:7784:0723/093421.561:ERROR:net\socket\ssl_client_socket_impl.cc:896] handshake failed; returned -1, SSL error code 1, net_error -101
[7728:7784:0723/093421.694:ERROR:net\socket\ssl_client_socket_impl.cc:896] handshake failed; returned -1, SSL error code 1, net_error -101
[7728:7784:0723/094421.831:ERROR:net\socket\ssl_client_socket_impl.cc:896] handshake failed; returned -1, SSL error code 1, net_error -101
[7728:7784:0723/094421.960:ERROR:net\socket\ssl_client_socket_impl.cc:896] handshake failed; returned -1, SSL error code 1, net_error -101
[7728:7784:0723/094631.439:ERROR:net\socket\ssl_client_socket_impl.cc:896] handshake failed; returned -1, SSL error code 1, net_error -101
[7728:7784:0723/094631.577:ERROR:net\socket\ssl_client_socket_impl.cc:896] handshake failed; returned -1, SSL error code 1, net_error -101
[7728:7784:0723/095422.098:ERROR:net\socket\ssl_client_socket_impl.cc:896] handshake failed; returned -1, SSL error code 1, net_error -101
[7728:7784:0723/095422.230:ERROR:net\socket\ssl_client_socket_impl.cc:896] handshake failed; returned -1, SSL error code 1, net_error -101
[7728:7784:0723/100131.730:ERROR:net\socket\ssl_client_socket_impl.cc:896] handshake failed; returned -1, SSL error code 1, net_error -101
[7728:7784:0723/100131.863:ERROR:net\socket\ssl_client_socket_impl.cc:896] handshake failed; returned -1, SSL error code 1, net_error -101
[7728:7784:0723/100422.384:ERROR:net\socket\ssl_client_socket_impl.cc:896] handshake failed; returned -1, SSL error code 1, net_error -101
[7728:7784:0723/100422.535:ERROR:net\socket\ssl_client_socket_impl.cc:896] handshake failed; returned -1, SSL error code 1, net_error -101
[7728:7784:0723/101422.685:ERROR:net\socket\ssl_client_socket_impl.cc:896] handshake failed; returned -1, SSL error code 1, net_error -101
[7728:7784:0723/101422.812:ERROR:net\socket\ssl_client_socket_impl.cc:896] handshake failed; returned -1, SSL error code 1, net_error -101
[7728:7784:0723/101632.009:ERROR:net\socket\ssl_client_socket_impl.cc:896] handshake failed; returned -1, SSL error code 1, net_error -101
[7728:7784:0723/101632.140:ERROR:net\socket\ssl_client_socket_impl.cc:896] handshake failed; returned -1, SSL error code 1, net_error -101
[7728:7784:0723/102422.956:ERROR:net\socket\ssl_client_socket_impl.cc:896] handshake failed; returned -1, SSL error code 1, net_error -101
[7728:7784:0723/102423.094:ERROR:net\socket\ssl_client_socket_impl.cc:896] handshake failed; returned -1, SSL error code 1, net_error -101
[7728:7784:0723/103423.286:ERROR:net\socket\ssl_client_socket_impl.cc:896] handshake failed; returned -1, SSL error code 1, net_error -101
[7728:7784:0723/103423.424:ERROR:net\socket\ssl_client_socket_impl.cc:896] handshake failed; returned -1, SSL error code 1, net_error -101
[7728:7784:0723/104423.569:ERROR:net\socket\ssl_client_socket_impl.cc:896] handshake failed; returned -1, SSL error code 1, net_error -101
[7728:7784:0723/104423.734:ERROR:net\socket\ssl_client_socket_impl.cc:896] handshake failed; returned -1, SSL error code 1, net_error -101
[7728:7784:0723/105423.878:ERROR:net\socket\ssl_client_socket_impl.cc:896] handshake failed; returned -1, SSL error code 1, net_error -101
[7728:7784:0723/105424.017:ERROR:net\socket\ssl_client_socket_impl.cc:896] handshake failed; returned -1, SSL error code 1, net_error -101
[7728:7784:0723/110424.214:ERROR:net\socket\ssl_client_socket_impl.cc:896] handshake failed; returned -1, SSL error code 1, net_error -101
[7728:7784:0723/110424.353:ERROR:net\socket\ssl_client_socket_impl.cc:896] handshake failed; returned -1, SSL error code 1, net_error -101
[7728:7784:0723/111424.488:ERROR:net\socket\ssl_client_socket_impl.cc:896] handshake failed; returned -1, SSL error code 1, net_error -101
[7728:7784:0723/111424.617:ERROR:net\socket\ssl_client_socket_impl.cc:896] handshake failed; returned -1, SSL error code 1, net_error -101
[7728:7784:0723/112424.753:ERROR:net\socket\ssl_client_socket_impl.cc:896] handshake failed; returned -1, SSL error code 1, net_error -101
[7728:7784:0723/112424.883:ERROR:net\socket\ssl_client_socket_impl.cc:896] handshake failed; returned -1, SSL error code 1, net_error -101
[7728:7784:0723/113425.018:ERROR:net\socket\ssl_client_socket_impl.cc:896] handshake failed; returned -1, SSL error code 1, net_error -101
[7728:7784:0723/113425.152:ERROR:net\socket\ssl_client_socket_impl.cc:896] handshake failed; returned -1, SSL error code 1, net_error -101
[7728:7784:0723/114425.291:ERROR:net\socket\ssl_client_socket_impl.cc:896] handshake failed; returned -1, SSL error code 1, net_error -101
[7728:7784:0723/114425.422:ERROR:net\socket\ssl_client_socket_impl.cc:896] handshake failed; returned -1, SSL error code 1, net_error -101
[7728:7784:0723/115425.608:ERROR:net\socket\ssl_client_socket_impl.cc:896] handshake failed; returned -1, SSL error code 1, net_error -101
[7728:7784:0723/115425.740:ERROR:net\socket\ssl_client_socket_impl.cc:896] handshake failed; returned -1, SSL error code 1, net_error -101
[7728:7784:0723/120425.891:ERROR:net\socket\ssl_client_socket_impl.cc:896] handshake failed; returned -1, SSL error code 1, net_error -101
[7728:7784:0723/120426.034:ERROR:net\socket\ssl_client_socket_impl.cc:896] handshake failed; returned -1, SSL error code 1, net_error -101
[7728:7784:0723/121426.181:ERROR:net\socket\ssl_client_socket_impl.cc:896] handshake failed; returned -1, SSL error code 1, net_error -101
[7728:7784:0723/121426.317:ERROR:net\socket\ssl_client_socket_impl.cc:896] handshake failed; returned -1, SSL error code 1, net_error -101
[7728:7784:0723/122426.453:ERROR:net\socket\ssl_client_socket_impl.cc:896] handshake failed; returned -1, SSL error code 1, net_error -101
[7728:7784:0723/122426.582:ERROR:net\socket\ssl_client_socket_impl.cc:896] handshake failed; returned -1, SSL error code 1, net_error -101
[7728:7784:0723/123426.775:ERROR:net\socket\ssl_client_socket_impl.cc:896] handshake failed; returned -1, SSL error code 1, net_error -101
[7728:7784:0723/123426.914:ERROR:net\socket\ssl_client_socket_impl.cc:896] handshake failed; returned -1, SSL error code 1, net_error -101
[7728:7784:0723/124427.108:ERROR:net\socket\ssl_client_socket_impl.cc:896] handshake failed; returned -1, SSL error code 1, net_error -101
[7728:7784:0723/124427.235:ERROR:net\socket\ssl_client_socket_impl.cc:896] handshake failed; returned -1, SSL error code 1, net_error -101
[7728:7784:0723/125427.382:ERROR:net\socket\ssl_client_socket_impl.cc:896] handshake failed; returned -1, SSL error code 1, net_error -101
[7728:7784:0723/125427.514:ERROR:net\socket\ssl_client_socket_impl.cc:896] handshake failed; returned -1, SSL error code 1, net_error -101
[7728:7784:0723/130427.653:ERROR:net\socket\ssl_client_socket_impl.cc:896] handshake failed; returned -1, SSL error code 1, net_error -101
[7728:7784:0723/130427.786:ERROR:net\socket\ssl_client_socket_impl.cc:896] handshake failed; returned -1, SSL error code 1, net_error -101
[7728:7784:0723/131427.920:ERROR:net\socket\ssl_client_socket_impl.cc:896] handshake failed; returned -1, SSL error code 1, net_error -101
[7728:7784:0723/131428.065:ERROR:net\socket\ssl_client_socket_impl.cc:896] handshake failed; returned -1, SSL error code 1, net_error -101
[7728:7784:0723/132428.209:ERROR:net\socket\ssl_client_socket_impl.cc:896] handshake failed; returned -1, SSL error code 1, net_error -101
[7728:7784:0723/132428.341:ERROR:net\socket\ssl_client_socket_impl.cc:896] handshake failed; returned -1, SSL error code 1, net_error -101
[7728:7784:0723/133428.555:ERROR:net\socket\ssl_client_socket_impl.cc:896] handshake failed; returned -1, SSL error code 1, net_error -101
[7728:7784:0723/133428.687:ERROR:net\socket\ssl_client_socket_impl.cc:896] handshake failed; returned -1, SSL error code 1, net_error -101
[7728:7784:0723/134428.835:ERROR:net\socket\ssl_client_socket_impl.cc:896] handshake failed; returned -1, SSL error code 1, net_error -101
[7728:7784:0723/134428.979:ERROR:net\socket\ssl_client_socket_impl.cc:896] handshake failed; returned -1, SSL error code 1, net_error -101
[7728:7784:0723/135429.124:ERROR:net\socket\ssl_client_socket_impl.cc:896] handshake failed; returned -1, SSL error code 1, net_error -101
[7728:7784:0723/135429.261:ERROR:net\socket\ssl_client_socket_impl.cc:896] handshake failed; returned -1, SSL error code 1, net_error -101
[7728:7784:0723/140429.408:ERROR:net\socket\ssl_client_socket_impl.cc:896] handshake failed; returned -1, SSL error code 1, net_error -101
[7728:7784:0723/140429.545:ERROR:net\socket\ssl_client_socket_impl.cc:896] handshake failed; returned -1, SSL error code 1, net_error -101
[7728:7784:0723/141429.692:ERROR:net\socket\ssl_client_socket_impl.cc:896] handshake failed; returned -1, SSL error code 1, net_error -101
[7728:7784:0723/141429.826:ERROR:net\socket\ssl_client_socket_impl.cc:896] handshake failed; returned -1, SSL error code 1, net_error -101
[7728:7784:0723/142429.963:ERROR:net\socket\ssl_client_socket_impl.cc:896] handshake failed; returned -1, SSL error code 1, net_error -101
[7728:7784:0723/142430.095:ERROR:net\socket\ssl_client_socket_impl.cc:896] handshake failed; returned -1, SSL error code 1, net_error -101
[7728:7784:0723/143430.227:ERROR:net\socket\ssl_client_socket_impl.cc:896] handshake failed; returned -1, SSL error code 1, net_error -101
[7728:7784:0723/143430.354:ERROR:net\socket\ssl_client_socket_impl.cc:896] handshake failed; returned -1, SSL error code 1, net_error -101
[7728:7784:0723/144430.492:ERROR:net\socket\ssl_client_socket_impl.cc:896] handshake failed; returned -1, SSL error code 1, net_error -101
[7728:7784:0723/144430.631:ERROR:net\socket\ssl_client_socket_impl.cc:896] handshake failed; returned -1, SSL error code 1, net_error -101
[7728:7784:0723/145430.771:ERROR:net\socket\ssl_client_socket_impl.cc:896] handshake failed; returned -1, SSL error code 1, net_error -101
[7728:7784:0723/145430.905:ERROR:net\socket\ssl_client_socket_impl.cc:896] handshake failed; returned -1, SSL error code 1, net_error -101
[7728:7784:0723/150431.050:ERROR:net\socket\ssl_client_socket_impl.cc:896] handshake failed; returned -1, SSL error code 1, net_error -101
[7728:7784:0723/150431.183:ERROR:net\socket\ssl_client_socket_impl.cc:896] handshake failed; returned -1, SSL error code 1, net_error -101
[7728:7784:0723/151431.323:ERROR:net\socket\ssl_client_socket_impl.cc:896] handshake failed; returned -1, SSL error code 1, net_error -101
[7728:7784:0723/151431.458:ERROR:net\socket\ssl_client_socket_impl.cc:896] handshake failed; returned -1, SSL error code 1, net_error -101
[7728:7784:0723/152431.598:ERROR:net\socket\ssl_client_socket_impl.cc:896] handshake failed; returned -1, SSL error code 1, net_error -101
[7728:7784:0723/152431.734:ERROR:net\socket\ssl_client_socket_impl.cc:896] handshake failed; returned -1, SSL error code 1, net_error -101
[7728:7784:0723/153431.879:ERROR:net\socket\ssl_client_socket_impl.cc:896] handshake failed; returned -1, SSL error code 1, net_error -101
[7728:7784:0723/153432.011:ERROR:net\socket\ssl_client_socket_impl.cc:896] handshake failed; returned -1, SSL error code 1, net_error -101
[7728:7784:0723/154453.573:ERROR:net\socket\ssl_client_socket_impl.cc:896] handshake failed; returned -1, SSL error code 1, net_error -101
[7728:7784:0723/154453.705:ERROR:net\socket\ssl_client_socket_impl.cc:896] handshake failed; returned -1, SSL error code 1, net_error -101
[7728:7784:0723/155453.841:ERROR:net\socket\ssl_client_socket_impl.cc:896] handshake failed; returned -1, SSL error code 1, net_error -101
[7728:7784:0723/155453.971:ERROR:net\socket\ssl_client_socket_impl.cc:896] handshake failed; returned -1, SSL error code 1, net_error -101
[7728:7784:0723/160454.122:ERROR:net\socket\ssl_client_socket_impl.cc:896] handshake failed; returned -1, SSL error code 1, net_error -101
[7728:7784:0723/160454.264:ERROR:net\socket\ssl_client_socket_impl.cc:896] handshake failed; returned -1, SSL error code 1, net_error -101
[7728:7784:0723/161454.410:ERROR:net\socket\ssl_client_socket_impl.cc:896] handshake failed; returned -1, SSL error code 1, net_error -101
[7728:7784:0723/161454.549:ERROR:net\socket\ssl_client_socket_impl.cc:896] handshake failed; returned -1, SSL error code 1, net_error -101
[7728:7784:0723/162454.690:ERROR:net\socket\ssl_client_socket_impl.cc:896] handshake failed; returned -1, SSL error code 1, net_error -101
[7728:7784:0723/162454.825:ERROR:net\socket\ssl_client_socket_impl.cc:896] handshake failed; returned -1, SSL error code 1, net_error -101
[7728:7784:0723/163454.958:ERROR:net\socket\ssl_client_socket_impl.cc:896] handshake failed; returned -1, SSL error code 1, net_error -101
[7728:7784:0723/163455.088:ERROR:net\socket\ssl_client_socket_impl.cc:896] handshake failed; returned -1, SSL error code 1, net_error -101
[7728:7784:0723/164455.227:ERROR:net\socket\ssl_client_socket_impl.cc:896] handshake failed; returned -1, SSL error code 1, net_error -101
[7728:7784:0723/164455.362:ERROR:net\socket\ssl_client_socket_impl.cc:896] handshake failed; returned -1, SSL error code 1, net_error -101
[7728:7784:0723/165455.502:ERROR:net\socket\ssl_client_socket_impl.cc:896] handshake failed; returned -1, SSL error code 1, net_error -101
[7728:7784:0723/165455.636:ERROR:net\socket\ssl_client_socket_impl.cc:896] handshake failed; returned -1, SSL error code 1, net_error -101
[7728:7784:0723/170455.782:ERROR:net\socket\ssl_client_socket_impl.cc:896] handshake failed; returned -1, SSL error code 1, net_error -101
[7728:7784:0723/170455.923:ERROR:net\socket\ssl_client_socket_impl.cc:896] handshake failed; returned -1, SSL error code 1, net_error -101
[7728:7784:0723/171456.060:ERROR:net\socket\ssl_client_socket_impl.cc:896] handshake failed; returned -1, SSL error code 1, net_error -101
[7728:7784:0723/171456.189:ERROR:net\socket\ssl_client_socket_impl.cc:896] handshake failed; returned -1, SSL error code 1, net_error -101
[7728:7784:0723/172456.332:ERROR:net\socket\ssl_client_socket_impl.cc:896] handshake failed; returned -1, SSL error code 1, net_error -101
[7728:7784:0723/172456.471:ERROR:net\socket\ssl_client_socket_impl.cc:896] handshake failed; returned -1, SSL error code 1, net_error -101
[7728:7784:0723/173456.604:ERROR:net\socket\ssl_client_socket_impl.cc:896] handshake failed; returned -1, SSL error code 1, net_error -101
[7728:7784:0723/173456.731:ERROR:net\socket\ssl_client_socket_impl.cc:896] handshake failed; returned -1, SSL error code 1, net_error -101
[7728:7784:0723/174456.869:ERROR:net\socket\ssl_client_socket_impl.cc:896] handshake failed; returned -1, SSL error code 1, net_error -101
[7728:7784:0723/174457.001:ERROR:net\socket\ssl_client_socket_impl.cc:896] handshake failed; returned -1, SSL error code 1, net_error -101
[7728:7784:0723/175457.164:ERROR:net\socket\ssl_client_socket_impl.cc:896] handshake failed; returned -1, SSL error code 1, net_error -101
[7728:7784:0723/175457.300:ERROR:net\socket\ssl_client_socket_impl.cc:896] handshake failed; returned -1, SSL error code 1, net_error -101
[7728:7784:0723/180457.439:ERROR:net\socket\ssl_client_socket_impl.cc:896] handshake failed; returned -1, SSL error code 1, net_error -101
[7728:7784:0723/180457.571:ERROR:net\socket\ssl_client_socket_impl.cc:896] handshake failed; returned -1, SSL error code 1, net_error -101
[7728:7784:0723/181457.963:ERROR:net\socket\ssl_client_socket_impl.cc:896] handshake failed; returned -1, SSL error code 1, net_error -101
[7728:7784:0723/181458.096:ERROR:net\socket\ssl_client_socket_impl.cc:896] handshake failed; returned -1, SSL error code 1, net_error -101
[7728:7784:0723/181500.741:ERROR:net\socket\ssl_client_socket_impl.cc:896] handshake failed; returned -1, SSL error code 1, net_error -101
[7728:7784:0723/181500.878:ERROR:net\socket\ssl_client_socket_impl.cc:896] handshake failed; returned -1, SSL error code 1, net_error -101
[7728:7784:0723/182458.265:ERROR:net\socket\ssl_client_socket_impl.cc:896] handshake failed; returned -1, SSL error code 1, net_error -101
[7728:7784:0723/182458.392:ERROR:net\socket\ssl_client_socket_impl.cc:896] handshake failed; returned -1, SSL error code 1, net_error -101
[7728:7784:0723/183458.608:ERROR:net\socket\ssl_client_socket_impl.cc:896] handshake failed; returned -1, SSL error code 1, net_error -101
[7728:7784:0723/183458.762:ERROR:net\socket\ssl_client_socket_impl.cc:896] handshake failed; returned -1, SSL error code 1, net_error -101
[7728:7784:0723/184458.897:ERROR:net\socket\ssl_client_socket_impl.cc:896] handshake failed; returned -1, SSL error code 1, net_error -101
[7728:7784:0723/184459.031:ERROR:net\socket\ssl_client_socket_impl.cc:896] handshake failed; returned -1, SSL error code 1, net_error -101
[7728:7784:0723/185459.173:ERROR:net\socket\ssl_client_socket_impl.cc:896] handshake failed; returned -1, SSL error code 1, net_error -101
[7728:7784:0723/185459.309:ERROR:net\socket\ssl_client_socket_impl.cc:896] handshake failed; returned -1, SSL error code 1, net_error -101
[7728:7784:0723/190459.451:ERROR:net\socket\ssl_client_socket_impl.cc:896] handshake failed; returned -1, SSL error code 1, net_error -101
[7728:7784:0723/190459.585:ERROR:net\socket\ssl_client_socket_impl.cc:896] handshake failed; returned -1, SSL error code 1, net_error -101
[7728:7784:0723/191459.728:ERROR:net\socket\ssl_client_socket_impl.cc:896] handshake failed; returned -1, SSL error code 1, net_error -101
[7728:7784:0723/191459.867:ERROR:net\socket\ssl_client_socket_impl.cc:896] handshake failed; returned -1, SSL error code 1, net_error -101
[7728:7784:0723/192500.001:ERROR:net\socket\ssl_client_socket_impl.cc:896] handshake failed; returned -1, SSL error code 1, net_error -101
[7728:7784:0723/192500.132:ERROR:net\socket\ssl_client_socket_impl.cc:896] handshake failed; returned -1, SSL error code 1, net_error -101
[7728:7784:0723/193500.269:ERROR:net\socket\ssl_client_socket_impl.cc:896] handshake failed; returned -1, SSL error code 1, net_error -101
[7728:7784:0723/193500.402:ERROR:net\socket\ssl_client_socket_impl.cc:896] handshake failed; returned -1, SSL error code 1, net_error -101
[7728:7784:0723/194500.546:ERROR:net\socket\ssl_client_socket_impl.cc:896] handshake failed; returned -1, SSL error code 1, net_error -101
[7728:7784:0723/194500.678:ERROR:net\socket\ssl_client_socket_impl.cc:896] handshake failed; returned -1, SSL error code 1, net_error -101
[7728:7784:0723/195500.819:ERROR:net\socket\ssl_client_socket_impl.cc:896] handshake failed; returned -1, SSL error code 1, net_error -101
[7728:7784:0723/195500.952:ERROR:net\socket\ssl_client_socket_impl.cc:896] handshake failed; returned -1, SSL error code 1, net_error -101
[7728:7784:0723/200501.089:ERROR:net\socket\ssl_client_socket_impl.cc:896] handshake failed; returned -1, SSL error code 1, net_error -101
[7728:7784:0723/200501.219:ERROR:net\socket\ssl_client_socket_impl.cc:896] handshake failed; returned -1, SSL error code 1, net_error -101
[7728:7784:0723/201501.365:ERROR:net\socket\ssl_client_socket_impl.cc:896] handshake failed; returned -1, SSL error code 1, net_error -101
[7728:7784:0723/201501.505:ERROR:net\socket\ssl_client_socket_impl.cc:896] handshake failed; returned -1, SSL error code 1, net_error -101
[7728:7784:0723/202501.643:ERROR:net\socket\ssl_client_socket_impl.cc:896] handshake failed; returned -1, SSL error code 1, net_error -101
[7728:7784:0723/202501.775:ERROR:net\socket\ssl_client_socket_impl.cc:896] handshake failed; returned -1, SSL error code 1, net_error -101
[7728:7784:0723/203501.912:ERROR:net\socket\ssl_client_socket_impl.cc:896] handshake failed; returned -1, SSL error code 1, net_error -101
[7728:7784:0723/203502.048:ERROR:net\socket\ssl_client_socket_impl.cc:896] handshake failed; returned -1, SSL error code 1, net_error -101
[7728:7784:0723/204502.181:ERROR:net\socket\ssl_client_socket_impl.cc:896] handshake failed; returned -1, SSL error code 1, net_error -101
[7728:7784:0723/204502.318:ERROR:net\socket\ssl_client_socket_impl.cc:896] handshake failed; returned -1, SSL error code 1, net_error -101
[7728:7784:0723/205502.463:ERROR:net\socket\ssl_client_socket_impl.cc:896] handshake failed; returned -1, SSL error code 1, net_error -101
[7728:7784:0723/205502.600:ERROR:net\socket\ssl_client_socket_impl.cc:896] handshake failed; returned -1, SSL error code 1, net_error -101
[7728:7784:0723/210502.737:ERROR:net\socket\ssl_client_socket_impl.cc:896] handshake failed; returned -1, SSL error code 1, net_error -101
[7728:7784:0723/210502.869:ERROR:net\socket\ssl_client_socket_impl.cc:896] handshake failed; returned -1, SSL error code 1, net_error -101
[7728:7784:0723/211503.016:ERROR:net\socket\ssl_client_socket_impl.cc:896] handshake failed; returned -1, SSL error code 1, net_error -101
[7728:7784:0723/211503.152:ERROR:net\socket\ssl_client_socket_impl.cc:896] handshake failed; returned -1, SSL error code 1, net_error -101
[7728:7784:0723/212503.287:ERROR:net\socket\ssl_client_socket_impl.cc:896] handshake failed; returned -1, SSL error code 1, net_error -101
[7728:7784:0723/212503.417:ERROR:net\socket\ssl_client_socket_impl.cc:896] handshake failed; returned -1, SSL error code 1, net_error -101
[7728:7784:0723/213503.562:ERROR:net\socket\ssl_client_socket_impl.cc:896] handshake failed; returned -1, SSL error code 1, net_error -101
[7728:7784:0723/213503.693:ERROR:net\socket\ssl_client_socket_impl.cc:896] handshake failed; returned -1, SSL error code 1, net_error -101
[7728:7784:0723/214503.837:ERROR:net\socket\ssl_client_socket_impl.cc:896] handshake failed; returned -1, SSL error code 1, net_error -101
[7728:7784:0723/214503.977:ERROR:net\socket\ssl_client_socket_impl.cc:896] handshake failed; returned -1, SSL error code 1, net_error -101
[7728:7784:0723/215504.114:ERROR:net\socket\ssl_client_socket_impl.cc:896] handshake failed; returned -1, SSL error code 1, net_error -101
[7728:7784:0723/215504.247:ERROR:net\socket\ssl_client_socket_impl.cc:896] handshake failed; returned -1, SSL error code 1, net_error -101
[7728:7784:0723/220504.387:ERROR:net\socket\ssl_client_socket_impl.cc:896] handshake failed; returned -1, SSL error code 1, net_error -101
[7728:7784:0723/220504.522:ERROR:net\socket\ssl_client_socket_impl.cc:896] handshake failed; returned -1, SSL error code 1, net_error -101
[7728:7784:0723/221504.675:ERROR:net\socket\ssl_client_socket_impl.cc:896] handshake failed; returned -1, SSL error code 1, net_error -101
[7728:7784:0723/221504.814:ERROR:net\socket\ssl_client_socket_impl.cc:896] handshake failed; returned -1, SSL error code 1, net_error -101
[7728:7784:0723/222504.953:ERROR:net\socket\ssl_client_socket_impl.cc:896] handshake failed; returned -1, SSL error code 1, net_error -101
[7728:7784:0723/222505.089:ERROR:net\socket\ssl_client_socket_impl.cc:896] handshake failed; returned -1, SSL error code 1, net_error -101
[7728:7784:0723/223505.241:ERROR:net\socket\ssl_client_socket_impl.cc:896] handshake failed; returned -1, SSL error code 1, net_error -101
[7728:7784:0723/223505.379:ERROR:net\socket\ssl_client_socket_impl.cc:896] handshake failed; returned -1, SSL error code 1, net_error -101
[7728:7784:0723/224505.522:ERROR:net\socket\ssl_client_socket_impl.cc:896] handshake failed; returned -1, SSL error code 1, net_error -101
[7728:7784:0723/224505.662:ERROR:net\socket\ssl_client_socket_impl.cc:896] handshake failed; returned -1, SSL error code 1, net_error -101
[7728:7784:0723/225505.802:ERROR:net\socket\ssl_client_socket_impl.cc:896] handshake failed; returned -1, SSL error code 1, net_error -101
[7728:7784:0723/225505.936:ERROR:net\socket\ssl_client_socket_impl.cc:896] handshake failed; returned -1, SSL error code 1, net_error -101
[7728:7784:0723/230506.077:ERROR:net\socket\ssl_client_socket_impl.cc:896] handshake failed; returned -1, SSL error code 1, net_error -101
[7728:7784:0723/230506.210:ERROR:net\socket\ssl_client_socket_impl.cc:896] handshake failed; returned -1, SSL error code 1, net_error -101
[7728:7784:0723/231506.357:ERROR:net\socket\ssl_client_socket_impl.cc:896] handshake failed; returned -1, SSL error code 1, net_error -101
[7728:7784:0723/231506.498:ERROR:net\socket\ssl_client_socket_impl.cc:896] handshake failed; returned -1, SSL error code 1, net_error -101
[7728:7784:0723/232506.644:ERROR:net\socket\ssl_client_socket_impl.cc:896] handshake failed; returned -1, SSL error code 1, net_error -101
[7728:7784:0723/232506.782:ERROR:net\socket\ssl_client_socket_impl.cc:896] handshake failed; returned -1, SSL error code 1, net_error -101
[7728:7784:0723/233506.924:ERROR:net\socket\ssl_client_socket_impl.cc:896] handshake failed; returned -1, SSL error code 1, net_error -101
[7728:7784:0723/233507.061:ERROR:net\socket\ssl_client_socket_impl.cc:896] handshake failed; returned -1, SSL error code 1, net_error -101
[7728:7784:0723/234507.200:ERROR:net\socket\ssl_client_socket_impl.cc:896] handshake failed; returned -1, SSL error code 1, net_error -101
[7728:7784:0723/234507.331:ERROR:net\socket\ssl_client_socket_impl.cc:896] handshake failed; returned -1, SSL error code 1, net_error -101
[7728:7784:0723/235507.477:ERROR:net\socket\ssl_client_socket_impl.cc:896] handshake failed; returned -1, SSL error code 1, net_error -101
[7728:7784:0723/235507.610:ERROR:net\socket\ssl_client_socket_impl.cc:896] handshake failed; returned -1, SSL error code 1, net_error -101
[7728:7784:0724/000507.746:ERROR:net\socket\ssl_client_socket_impl.cc:896] handshake failed; returned -1, SSL error code 1, net_error -101
[7728:7784:0724/000507.880:ERROR:net\socket\ssl_client_socket_impl.cc:896] handshake failed; returned -1, SSL error code 1, net_error -101
[7728:7784:0724/001508.025:ERROR:net\socket\ssl_client_socket_impl.cc:896] handshake failed; returned -1, SSL error code 1, net_error -101
[7728:7784:0724/001508.159:ERROR:net\socket\ssl_client_socket_impl.cc:896] handshake failed; returned -1, SSL error code 1, net_error -101
[7728:7784:0724/002508.294:ERROR:net\socket\ssl_client_socket_impl.cc:896] handshake failed; returned -1, SSL error code 1, net_error -101
[7728:7784:0724/002508.423:ERROR:net\socket\ssl_client_socket_impl.cc:896] handshake failed; returned -1, SSL error code 1, net_error -101
[7728:7784:0724/003508.564:ERROR:net\socket\ssl_client_socket_impl.cc:896] handshake failed; returned -1, SSL error code 1, net_error -101
[7728:7784:0724/003508.696:ERROR:net\socket\ssl_client_socket_impl.cc:896] handshake failed; returned -1, SSL error code 1, net_error -101
[7728:7784:0724/004508.842:ERROR:net\socket\ssl_client_socket_impl.cc:896] handshake failed; returned -1, SSL error code 1, net_error -101
[7728:7784:0724/004508.982:ERROR:net\socket\ssl_client_socket_impl.cc:896] handshake failed; returned -1, SSL error code 1, net_error -101
[7728:7784:0724/005509.129:ERROR:net\socket\ssl_client_socket_impl.cc:896] handshake failed; returned -1, SSL error code 1, net_error -101
[7728:7784:0724/005509.266:ERROR:net\socket\ssl_client_socket_impl.cc:896] handshake failed; returned -1, SSL error code 1, net_error -101
[7728:7784:0724/010509.413:ERROR:net\socket\ssl_client_socket_impl.cc:896] handshake failed; returned -1, SSL error code 1, net_error -101
[7728:7784:0724/010509.551:ERROR:net\socket\ssl_client_socket_impl.cc:896] handshake failed; returned -1, SSL error code 1, net_error -101
[7728:7784:0724/011509.695:ERROR:net\socket\ssl_client_socket_impl.cc:896] handshake failed; returned -1, SSL error code 1, net_error -101
[7728:7784:0724/011509.835:ERROR:net\socket\ssl_client_socket_impl.cc:896] handshake failed; returned -1, SSL error code 1, net_error -101
[7728:7784:0724/012509.978:ERROR:net\socket\ssl_client_socket_impl.cc:896] handshake failed; returned -1, SSL error code 1, net_error -101
[7728:7784:0724/012510.112:ERROR:net\socket\ssl_client_socket_impl.cc:896] handshake failed; returned -1, SSL error code 1, net_error -101
[7728:7784:0724/013510.252:ERROR:net\socket\ssl_client_socket_impl.cc:896] handshake failed; returned -1, SSL error code 1, net_error -101
[7728:7784:0724/013510.387:ERROR:net\socket\ssl_client_socket_impl.cc:896] handshake failed; returned -1, SSL error code 1, net_error -101
[7728:7784:0724/014510.530:ERROR:net\socket\ssl_client_socket_impl.cc:896] handshake failed; returned -1, SSL error code 1, net_error -101
[7728:7784:0724/014510.668:ERROR:net\socket\ssl_client_socket_impl.cc:896] handshake failed; returned -1, SSL error code 1, net_error -101
[7728:7784:0724/015510.814:ERROR:net\socket\ssl_client_socket_impl.cc:896] handshake failed; returned -1, SSL error code 1, net_error -101
[7728:7784:0724/015510.949:ERROR:net\socket\ssl_client_socket_impl.cc:896] handshake failed; returned -1, SSL error code 1, net_error -101
[7728:7784:0724/020511.098:ERROR:net\socket\ssl_client_socket_impl.cc:896] handshake failed; returned -1, SSL error code 1, net_error -101
[7728:7784:0724/020511.238:ERROR:net\socket\ssl_client_socket_impl.cc:896] handshake failed; returned -1, SSL error code 1, net_error -101
[7728:7784:0724/021511.377:ERROR:net\socket\ssl_client_socket_impl.cc:896] handshake failed; returned -1, SSL error code 1, net_error -101
[7728:7784:0724/021511.509:ERROR:net\socket\ssl_client_socket_impl.cc:896] handshake failed; returned -1, SSL error code 1, net_error -101
[7728:7784:0724/022511.648:ERROR:net\socket\ssl_client_socket_impl.cc:896] handshake failed; returned -1, SSL error code 1, net_error -101
[7728:7784:0724/022511.781:ERROR:net\socket\ssl_client_socket_impl.cc:896] handshake failed; returned -1, SSL error code 1, net_error -101
[7728:7784:0724/023511.926:ERROR:net\socket\ssl_client_socket_impl.cc:896] handshake failed; returned -1, SSL error code 1, net_error -101
[7728:7784:0724/023512.066:ERROR:net\socket\ssl_client_socket_impl.cc:896] handshake failed; returned -1, SSL error code 1, net_error -101
[7728:7784:0724/024512.208:ERROR:net\socket\ssl_client_socket_impl.cc:896] handshake failed; returned -1, SSL error code 1, net_error -101
[7728:7784:0724/024512.344:ERROR:net\socket\ssl_client_socket_impl.cc:896] handshake failed; returned -1, SSL error code 1, net_error -101
[7728:7784:0724/025512.489:ERROR:net\socket\ssl_client_socket_impl.cc:896] handshake failed; returned -1, SSL error code 1, net_error -101
[7728:7784:0724/025512.626:ERROR:net\socket\ssl_client_socket_impl.cc:896] handshake failed; returned -1, SSL error code 1, net_error -101
[7728:7784:0724/030512.766:ERROR:net\socket\ssl_client_socket_impl.cc:896] handshake failed; returned -1, SSL error code 1, net_error -101
[7728:7784:0724/030512.899:ERROR:net\socket\ssl_client_socket_impl.cc:896] handshake failed; returned -1, SSL error code 1, net_error -101
[7728:7784:0724/031513.046:ERROR:net\socket\ssl_client_socket_impl.cc:896] handshake failed; returned -1, SSL error code 1, net_error -101
[7728:7784:0724/031513.177:ERROR:net\socket\ssl_client_socket_impl.cc:896] handshake failed; returned -1, SSL error code 1, net_error -101
[7728:7784:0724/032513.318:ERROR:net\socket\ssl_client_socket_impl.cc:896] handshake failed; returned -1, SSL error code 1, net_error -101
[7728:7784:0724/032513.452:ERROR:net\socket\ssl_client_socket_impl.cc:896] handshake failed; returned -1, SSL error code 1, net_error -101
[7728:7784:0724/033513.596:ERROR:net\socket\ssl_client_socket_impl.cc:896] handshake failed; returned -1, SSL error code 1, net_error -101
[7728:7784:0724/033513.730:ERROR:net\socket\ssl_client_socket_impl.cc:896] handshake failed; returned -1, SSL error code 1, net_error -101
[7728:7784:0724/034513.873:ERROR:net\socket\ssl_client_socket_impl.cc:896] handshake failed; returned -1, SSL error code 1, net_error -101
[7728:7784:0724/034514.013:ERROR:net\socket\ssl_client_socket_impl.cc:896] handshake failed; returned -1, SSL error code 1, net_error -101
[7728:7784:0724/035514.159:ERROR:net\socket\ssl_client_socket_impl.cc:896] handshake failed; returned -1, SSL error code 1, net_error -101
[7728:7784:0724/035514.296:ERROR:net\socket\ssl_client_socket_impl.cc:896] handshake failed; returned -1, SSL error code 1, net_error -101
[7728:7784:0724/040514.434:ERROR:net\socket\ssl_client_socket_impl.cc:896] handshake failed; returned -1, SSL error code 1, net_error -101
[7728:7784:0724/040514.565:ERROR:net\socket\ssl_client_socket_impl.cc:896] handshake failed; returned -1, SSL error code 1, net_error -101
[7728:7784:0724/041514.709:ERROR:net\socket\ssl_client_socket_impl.cc:896] handshake failed; returned -1, SSL error code 1, net_error -101
[7728:7784:0724/041514.847:ERROR:net\socket\ssl_client_socket_impl.cc:896] handshake failed; returned -1, SSL error code 1, net_error -101
[7728:7784:0724/042514.994:ERROR:net\socket\ssl_client_socket_impl.cc:896] handshake failed; returned -1, SSL error code 1, net_error -101
[7728:7784:0724/042515.134:ERROR:net\socket\ssl_client_socket_impl.cc:896] handshake failed; returned -1, SSL error code 1, net_error -101
[7728:7784:0724/043515.275:ERROR:net\socket\ssl_client_socket_impl.cc:896] handshake failed; returned -1, SSL error code 1, net_error -101
[7728:7784:0724/043515.408:ERROR:net\socket\ssl_client_socket_impl.cc:896] handshake failed; returned -1, SSL error code 1, net_error -101
[7728:7784:0724/044515.553:ERROR:net\socket\ssl_client_socket_impl.cc:896] handshake failed; returned -1, SSL error code 1, net_error -101
[7728:7784:0724/044515.694:ERROR:net\socket\ssl_client_socket_impl.cc:896] handshake failed; returned -1, SSL error code 1, net_error -101
[7728:7784:0724/045515.840:ERROR:net\socket\ssl_client_socket_impl.cc:896] handshake failed; returned -1, SSL error code 1, net_error -101
[7728:7784:0724/045515.979:ERROR:net\socket\ssl_client_socket_impl.cc:896] handshake failed; returned -1, SSL error code 1, net_error -101
[7728:7784:0724/050516.118:ERROR:net\socket\ssl_client_socket_impl.cc:896] handshake failed; returned -1, SSL error code 1, net_error -101
[7728:7784:0724/050516.250:ERROR:net\socket\ssl_client_socket_impl.cc:896] handshake failed; returned -1, SSL error code 1, net_error -101
[7728:7784:0724/051516.394:ERROR:net\socket\ssl_client_socket_impl.cc:896] handshake failed; returned -1, SSL error code 1, net_error -101
[7728:7784:0724/051516.533:ERROR:net\socket\ssl_client_socket_impl.cc:896] handshake failed; returned -1, SSL error code 1, net_error -101
[7728:7784:0724/052516.675:ERROR:net\socket\ssl_client_socket_impl.cc:896] handshake failed; returned -1, SSL error code 1, net_error -101
[7728:7784:0724/052516.813:ERROR:net\socket\ssl_client_socket_impl.cc:896] handshake failed; returned -1, SSL error code 1, net_error -101
[7728:7784:0724/053516.952:ERROR:net\socket\ssl_client_socket_impl.cc:896] handshake failed; returned -1, SSL error code 1, net_error -101
[7728:7784:0724/053517.086:ERROR:net\socket\ssl_client_socket_impl.cc:896] handshake failed; returned -1, SSL error code 1, net_error -101
[7728:7784:0724/054517.228:ERROR:net\socket\ssl_client_socket_impl.cc:896] handshake failed; returned -1, SSL error code 1, net_error -101
[7728:7784:0724/054517.369:ERROR:net\socket\ssl_client_socket_impl.cc:896] handshake failed; returned -1, SSL error code 1, net_error -101
[7728:7784:0724/055517.512:ERROR:net\socket\ssl_client_socket_impl.cc:896] handshake failed; returned -1, SSL error code 1, net_error -101
[7728:7784:0724/055517.649:ERROR:net\socket\ssl_client_socket_impl.cc:896] handshake failed; returned -1, SSL error code 1, net_error -101
[7728:7784:0724/060517.789:ERROR:net\socket\ssl_client_socket_impl.cc:896] handshake failed; returned -1, SSL error code 1, net_error -101
[7728:7784:0724/060517.922:ERROR:net\socket\ssl_client_socket_impl.cc:896] handshake failed; returned -1, SSL error code 1, net_error -101
[7728:7784:0724/061518.067:ERROR:net\socket\ssl_client_socket_impl.cc:896] handshake failed; returned -1, SSL error code 1, net_error -101
[7728:7784:0724/061518.204:ERROR:net\socket\ssl_client_socket_impl.cc:896] handshake failed; returned -1, SSL error code 1, net_error -101
[7728:7784:0724/062518.395:ERROR:net\socket\ssl_client_socket_impl.cc:896] handshake failed; returned -1, SSL error code 1, net_error -101
[7728:7784:0724/062518.532:ERROR:net\socket\ssl_client_socket_impl.cc:896] handshake failed; returned -1, SSL error code 1, net_error -101
[7728:7784:0724/063518.717:ERROR:net\socket\ssl_client_socket_impl.cc:896] handshake failed; returned -1, SSL error code 1, net_error -101
[7728:7784:0724/063518.852:ERROR:net\socket\ssl_client_socket_impl.cc:896] handshake failed; returned -1, SSL error code 1, net_error -101
[7728:7784:0724/064518.995:ERROR:net\socket\ssl_client_socket_impl.cc:896] handshake failed; returned -1, SSL error code 1, net_error -101
[7728:7784:0724/064519.133:ERROR:net\socket\ssl_client_socket_impl.cc:896] handshake failed; returned -1, SSL error code 1, net_error -101
[7728:7784:0724/065519.273:ERROR:net\socket\ssl_client_socket_impl.cc:896] handshake failed; returned -1, SSL error code 1, net_error -101
[7728:7784:0724/065519.408:ERROR:net\socket\ssl_client_socket_impl.cc:896] handshake failed; returned -1, SSL error code 1, net_error -101
[7728:7784:0724/070519.553:ERROR:net\socket\ssl_client_socket_impl.cc:896] handshake failed; returned -1, SSL error code 1, net_error -101
[7728:7784:0724/070519.691:ERROR:net\socket\ssl_client_socket_impl.cc:896] handshake failed; returned -1, SSL error code 1, net_error -101
[7728:7784:0724/071519.843:ERROR:net\socket\ssl_client_socket_impl.cc:896] handshake failed; returned -1, SSL error code 1, net_error -101
[7728:7784:0724/071519.980:ERROR:net\socket\ssl_client_socket_impl.cc:896] handshake failed; returned -1, SSL error code 1, net_error -101
[7728:7784:0724/072520.128:ERROR:net\socket\ssl_client_socket_impl.cc:896] handshake failed; returned -1, SSL error code 1, net_error -101
[7728:7784:0724/072520.265:ERROR:net\socket\ssl_client_socket_impl.cc:896] handshake failed; returned -1, SSL error code 1, net_error -101
[7728:7784:0724/073520.408:ERROR:net\socket\ssl_client_socket_impl.cc:896] handshake failed; returned -1, SSL error code 1, net_error -101
[7728:7784:0724/073520.546:ERROR:net\socket\ssl_client_socket_impl.cc:896] handshake failed; returned -1, SSL error code 1, net_error -101
[7728:7784:0724/074520.694:ERROR:net\socket\ssl_client_socket_impl.cc:896] handshake failed; returned -1, SSL error code 1, net_error -101
[7728:7784:0724/074520.827:ERROR:net\socket\ssl_client_socket_impl.cc:896] handshake failed; returned -1, SSL error code 1, net_error -101
[7728:7784:0724/075520.966:ERROR:net\socket\ssl_client_socket_impl.cc:896] handshake failed; returned -1, SSL error code 1, net_error -101
[7728:7784:0724/075521.129:ERROR:net\socket\ssl_client_socket_impl.cc:896] handshake failed; returned -1, SSL error code 1, net_error -101
[7728:7784:0724/080521.310:ERROR:net\socket\ssl_client_socket_impl.cc:896] handshake failed; returned -1, SSL error code 1, net_error -101
[7728:7784:0724/080521.473:ERROR:net\socket\ssl_client_socket_impl.cc:896] handshake failed; returned -1, SSL error code 1, net_error -101
[7728:7784:0724/080521.552:ERROR:net\socket\ssl_client_socket_impl.cc:896] handshake failed; returned -1, SSL error code 1, net_error -101
[7728:7784:0724/080521.722:ERROR:net\socket\ssl_client_socket_impl.cc:896] handshake failed; returned -1, SSL error code 1, net_error -101
[7728:7784:0724/081521.615:ERROR:net\socket\ssl_client_socket_impl.cc:896] handshake failed; returned -1, SSL error code 1, net_error -101
[7728:7784:0724/081521.746:ERROR:net\socket\ssl_client_socket_impl.cc:896] handshake failed; returned -1, SSL error code 1, net_error -101
[7728:7784:0724/082521.887:ERROR:net\socket\ssl_client_socket_impl.cc:896] handshake failed; returned -1, SSL error code 1, net_error -101
[7728:7784:0724/082522.021:ERROR:net\socket\ssl_client_socket_impl.cc:896] handshake failed; returned -1, SSL error code 1, net_error -101
[7728:7784:0724/083522.163:ERROR:net\socket\ssl_client_socket_impl.cc:896] handshake failed; returned -1, SSL error code 1, net_error -101
[7728:7784:0724/083522.294:ERROR:net\socket\ssl_client_socket_impl.cc:896] handshake failed; returned -1, SSL error code 1, net_error -101
[7728:7784:0724/084522.444:ERROR:net\socket\ssl_client_socket_impl.cc:896] handshake failed; returned -1, SSL error code 1, net_error -101
[7728:7784:0724/084522.591:ERROR:net\socket\ssl_client_socket_impl.cc:896] handshake failed; returned -1, SSL error code 1, net_error -101
[7728:7784:0724/085522.728:ERROR:net\socket\ssl_client_socket_impl.cc:896] handshake failed; returned -1, SSL error code 1, net_error -101
[7728:7784:0724/085522.859:ERROR:net\socket\ssl_client_socket_impl.cc:896] handshake failed; returned -1, SSL error code 1, net_error -101
[7728:7784:0724/090523.008:ERROR:net\socket\ssl_client_socket_impl.cc:896] handshake failed; returned -1, SSL error code 1, net_error -101
[7728:7784:0724/090523.145:ERROR:net\socket\ssl_client_socket_impl.cc:896] handshake failed; returned -1, SSL error code 1, net_error -101
[7728:7784:0724/091523.284:ERROR:net\socket\ssl_client_socket_impl.cc:896] handshake failed; returned -1, SSL error code 1, net_error -101
[7728:7784:0724/091523.418:ERROR:net\socket\ssl_client_socket_impl.cc:896] handshake failed; returned -1, SSL error code 1, net_error -101
[7728:7784:0724/092523.561:ERROR:net\socket\ssl_client_socket_impl.cc:896] handshake failed; returned -1, SSL error code 1, net_error -101
[7728:7784:0724/092523.688:ERROR:net\socket\ssl_client_socket_impl.cc:896] handshake failed; returned -1, SSL error code 1, net_error -101
[7728:7784:0724/093523.832:ERROR:net\socket\ssl_client_socket_impl.cc:896] handshake failed; returned -1, SSL error code 1, net_error -101
[7728:7784:0724/093523.974:ERROR:net\socket\ssl_client_socket_impl.cc:896] handshake failed; returned -1, SSL error code 1, net_error -101
[7728:7784:0724/094524.114:ERROR:net\socket\ssl_client_socket_impl.cc:896] handshake failed; returned -1, SSL error code 1, net_error -101
[7728:7784:0724/094524.256:ERROR:net\socket\ssl_client_socket_impl.cc:896] handshake failed; returned -1, SSL error code 1, net_error -101
